# case inst obl xco2 tglob orbits flag dOLR dTglob asymNS seconds   [flag: 1 year-to-year test, p = 2..4 p-year cycle, 0 cap]
0 0.8264 0.0 280.0000 216.18 10 1 3.052e-05 6.432e-06 0.0000 1.3
1 0.8264 10.0 280.0000 216.16 10 1 1.526e-05 4.201e-06 0.0000 1.3
2 0.8264 20.0 280.0000 216.09 10 1 0.000e+00 1.828e-06 0.0000 1.3
3 0.8264 30.0 280.0000 216.18 9 1 7.706e-04 4.665e-04 0.0000 1.2
4 0.8264 40.0 280.0000 216.92 10 1 5.341e-05 2.437e-05 0.0000 1.3
5 0.8264 50.0 280.0000 219.23 10 1 7.935e-04 4.094e-04 0.0000 1.3
6 0.8264 60.0 280.0000 221.06 11 1 3.815e-05 2.310e-05 0.0000 1.3
7 0.8264 70.0 280.0000 223.24 13 3 7.145e-02 4.115e-02 0.0696 1.3
8 0.8264 80.0 280.0000 224.79 12 1 4.578e-05 2.986e-05 0.0000 1.3
9 0.8264 90.0 280.0000 225.36 10 1 1.984e-04 4.415e-04 0.0152 1.3
10 0.8456 0.0 280.0000 217.76 11 1 0.000e+00 4.341e-06 0.0000 1.3
11 0.8456 10.0 280.0000 217.75 11 1 0.000e+00 3.021e-06 0.0000 1.3
12 0.8456 20.0 280.0000 217.69 10 1 6.638e-04 3.553e-04 0.0000 1.3
13 0.8456 30.0 280.0000 217.83 10 1 5.722e-04 3.202e-04 0.0000 1.3
14 0.8456 40.0 280.0000 218.98 11 1 7.629e-06 8.688e-06 0.0000 1.3
15 0.8456 50.0 280.0000 221.28 13 3 1.344e-02 7.832e-03 0.0549 1.3
16 0.8456 60.0 280.0000 223.23 12 1 1.373e-04 7.006e-05 0.0000 1.3
17 0.8456 70.0 280.0000 225.99 12 1 4.578e-05 2.642e-05 0.0000 1.3
18 0.8456 80.0 280.0000 227.22 13 2 4.556e-02 2.858e-02 0.1518 1.3
19 0.8456 90.0 280.0000 227.77 14 2 1.244e-02 1.008e-02 0.2647 1.3
20 0.8653 0.0 280.0000 219.40 12 1 3.052e-05 2.299e-05 0.0000 1.3
21 0.8653 10.0 280.0000 219.39 12 1 2.289e-05 1.138e-05 0.0000 1.3
22 0.8653 20.0 280.0000 219.36 12 1 0.000e+00 2.620e-06 0.0000 1.3
23 0.8653 30.0 280.0000 219.55 12 1 7.629e-06 4.192e-06 0.0000 1.3
24 0.8653 40.0 280.0000 220.97 11 1 6.180e-04 3.299e-04 0.0000 1.3
25 0.8653 50.0 280.0000 223.37 13 1 7.629e-06 1.393e-05 0.0000 1.3
26 0.8653 60.0 280.0000 226.39 13 1 1.373e-04 6.141e-05 0.0000 1.3
27 0.8653 70.0 280.0000 228.39 13 2 1.617e-03 1.032e-03 0.1297 1.3
28 0.8653 80.0 280.0000 229.91 12 1 8.240e-04 4.012e-04 0.0000 1.3
29 0.8653 90.0 280.0000 230.23 14 1 1.221e-04 7.714e-05 0.0000 1.3
30 0.8858 0.0 280.0000 221.09 14 1 3.052e-05 1.413e-05 0.0000 1.3
31 0.8858 10.0 280.0000 221.10 14 1 0.000e+00 3.110e-06 0.0000 1.3
32 0.8858 20.0 280.0000 221.10 13 1 2.136e-04 1.079e-04 0.0000 1.3
33 0.8858 30.0 280.0000 221.33 13 1 3.738e-04 1.963e-04 0.0000 1.3
34 0.8858 40.0 280.0000 222.98 14 1 6.104e-05 3.537e-05 0.0000 1.3
35 0.8858 50.0 280.0000 225.64 15 1 3.052e-05 1.324e-05 0.0000 1.3
36 0.8858 60.0 280.0000 228.99 16 1 6.104e-05 3.603e-05 0.0000 1.4
37 0.8858 70.0 280.0000 231.16 14 1 2.441e-04 1.759e-04 0.0180 1.3
38 0.8858 80.0 280.0000 232.53 16 2 2.495e-02 1.624e-02 0.2740 1.4
39 0.8858 90.0 280.0000 232.90 16 1 2.441e-04 9.280e-05 0.0000 1.3
40 0.9070 0.0 280.0000 222.87 17 1 3.052e-05 3.567e-05 0.0000 1.4
41 0.9070 10.0 280.0000 222.89 17 1 0.000e+00 2.600e-06 0.0000 1.4
42 0.9070 20.0 280.0000 222.91 16 1 7.629e-06 1.565e-05 0.0000 1.3
43 0.9070 30.0 280.0000 223.20 16 1 1.450e-04 9.879e-05 0.0000 1.3
44 0.9070 40.0 280.0000 225.57 17 1 3.052e-05 2.479e-05 0.0000 1.4
45 0.9070 50.0 280.0000 228.59 19 1 3.052e-05 2.484e-05 0.0123 1.4
46 0.9070 60.0 280.0000 231.59 19 2 6.900e-02 4.083e-02 0.0806 1.4
47 0.9070 70.0 280.0000 233.63 18 2 1.148e-01 6.406e-02 0.0316 1.4
48 0.9070 80.0 280.0000 235.04 17 1 3.662e-04 1.703e-04 0.0000 1.4
49 0.9070 90.0 280.0000 235.59 16 1 3.662e-04 1.839e-04 0.0000 1.4
50 0.9290 0.0 280.0000 224.73 24 1 1.526e-05 1.293e-05 0.0000 1.5
51 0.9290 10.0 280.0000 224.75 22 1 4.654e-04 2.522e-04 0.0000 1.4
52 0.9290 20.0 280.0000 224.80 21 1 1.678e-04 9.363e-05 0.0000 1.4
53 0.9290 30.0 280.0000 225.16 22 1 1.526e-05 1.262e-05 0.0000 1.4
54 0.9290 40.0 280.0000 227.97 21 1 1.678e-04 9.601e-05 0.0000 1.4
55 0.9290 50.0 280.0000 231.56 25 2 1.428e-01 7.783e-02 0.0525 1.5
56 0.9290 60.0 280.0000 234.18 32 1 2.136e-04 1.105e-04 0.0000 1.5
57 0.9290 70.0 280.0000 236.42 20 1 5.035e-04 5.301e-04 0.0479 1.4
58 0.9290 80.0 280.0000 237.67 25 3 4.367e-02 2.504e-02 0.1881 1.4
59 0.9290 90.0 280.0000 238.31 19 2 5.783e-02 3.175e-02 0.2312 1.4
60 0.9518 0.0 280.0000 264.48 47 1 1.373e-04 4.662e-04 0.0000 1.7
61 0.9518 10.0 280.0000 226.70 45 1 2.899e-04 1.550e-04 0.0000 1.7
62 0.9518 20.0 280.0000 226.78 38 1 1.221e-04 6.415e-05 0.0000 1.6
63 0.9518 30.0 280.0000 227.25 42 1 4.578e-05 1.598e-05 0.0000 1.7
64 0.9518 40.0 280.0000 230.40 35 1 4.120e-04 2.266e-04 0.0000 1.6
65 0.9518 50.0 280.0000 234.04 57 1 1.678e-04 7.944e-05 0.0000 1.8
66 0.9518 60.0 280.0000 279.77 39 1 9.918e-04 4.348e-04 0.0000 1.6
67 0.9518 70.0 280.0000 239.16 35 1 6.866e-04 3.633e-04 0.0000 1.5
68 0.9518 80.0 280.0000 240.73 24 1 5.798e-04 2.758e-04 0.1827 1.4
69 0.9518 90.0 280.0000 241.17 5000 0 3.378e-02 1.733e-02 0.1279 59.6
70 0.9755 0.0 280.0000 272.49 41 1 4.883e-04 8.684e-04 0.0000 1.7
71 0.9755 10.0 280.0000 268.54 95 1 7.477e-04 3.996e-04 0.0000 2.3
72 0.9755 20.0 280.0000 269.76 104 1 8.698e-04 4.054e-04 0.0000 2.3
73 0.9755 30.0 280.0000 272.74 62 4 1.187e-02 5.307e-03 0.0184 1.9
74 0.9755 40.0 280.0000 274.81 112 1 3.510e-04 5.045e-05 0.0734 2.4
75 0.9755 50.0 280.0000 282.85 39 1 9.918e-04 5.176e-04 0.0002 1.6
76 0.9755 60.0 280.0000 282.73 38 1 8.087e-04 4.033e-04 0.0001 1.5
77 0.9755 70.0 280.0000 282.49 39 1 7.477e-04 3.555e-04 0.0001 1.6
78 0.9755 80.0 280.0000 245.62 50 2 1.372e-01 6.967e-02 0.0809 1.7
79 0.9755 90.0 280.0000 246.49 43 1 3.815e-04 1.646e-04 0.0108 1.6
80 1.0000 0.0 280.0000 278.03 43 1 3.967e-04 8.549e-04 0.0000 1.6
81 1.0000 10.0 280.0000 277.78 47 1 9.613e-04 4.619e-04 0.0000 1.7
82 1.0000 20.0 280.0000 277.68 56 1 8.545e-04 3.326e-04 0.0010 1.8
83 1.0000 30.0 280.0000 279.91 50 3 3.067e-03 1.269e-03 0.0526 1.7
84 1.0000 40.0 280.0000 283.66 72 1 9.918e-04 4.452e-04 0.1335 2.0
85 1.0000 50.0 280.0000 285.98 35 1 6.561e-04 3.353e-04 0.0002 1.6
86 1.0000 60.0 280.0000 285.83 34 1 8.087e-04 4.613e-04 0.0004 1.6
87 1.0000 70.0 280.0000 285.61 35 1 9.918e-04 4.096e-04 0.0003 1.6
88 1.0000 80.0 280.0000 285.66 34 1 9.308e-04 4.862e-04 0.0005 1.6
89 1.0000 90.0 280.0000 285.75 35 1 8.392e-04 3.734e-04 0.0003 1.7
90 1.0255 0.0 280.0000 284.36 29 1 2.136e-04 6.907e-04 0.0000 1.5
91 1.0255 10.0 280.0000 284.83 26 1 6.104e-05 4.747e-05 0.0006 1.5
92 1.0255 20.0 280.0000 284.83 24 1 7.629e-04 7.288e-04 0.0071 1.5
93 1.0255 30.0 280.0000 285.83 46 3 5.264e-03 2.448e-03 0.0113 1.8
94 1.0255 40.0 280.0000 289.29 37 1 7.935e-04 4.029e-04 0.0009 1.7
95 1.0255 50.0 280.0000 289.28 33 1 9.155e-04 4.484e-04 0.0005 1.6
96 1.0255 60.0 280.0000 289.10 33 1 8.850e-04 3.441e-04 0.0007 1.6
97 1.0255 70.0 280.0000 288.88 32 1 7.935e-04 3.621e-04 0.0010 1.6
98 1.0255 80.0 280.0000 288.92 31 1 9.460e-04 4.862e-04 0.0013 1.6
99 1.0255 90.0 280.0000 289.01 33 1 7.935e-04 3.447e-04 0.0007 1.6
100 1.0519 0.0 280.0000 289.12 36 1 9.155e-04 6.623e-04 0.0000 1.6
101 1.0519 10.0 280.0000 288.96 39 1 7.629e-04 3.263e-04 0.0000 1.6
102 1.0519 20.0 280.0000 289.41 40 1 9.155e-04 3.980e-04 0.0001 1.6
103 1.0519 30.0 280.0000 291.15 46 1 5.188e-04 2.650e-04 0.0074 1.7
104 1.0519 40.0 280.0000 293.05 43 1 7.019e-04 2.952e-04 0.0000 1.6
105 1.0519 50.0 280.0000 292.85 42 1 8.545e-04 3.877e-04 0.0001 1.7
106 1.0519 60.0 280.0000 292.59 40 1 9.155e-04 4.815e-04 0.0001 1.6
107 1.0519 70.0 280.0000 292.31 40 1 7.629e-04 3.879e-04 0.0001 1.6
108 1.0519 80.0 280.0000 292.32 40 1 9.766e-04 3.601e-04 0.0001 1.6
109 1.0519 90.0 280.0000 292.40 40 1 9.766e-04 3.532e-04 0.0001 1.6
110 1.0794 0.0 280.0000 293.14 40 1 9.460e-04 6.868e-04 0.0000 1.6
111 1.0794 10.0 280.0000 293.74 56 1 7.324e-04 2.994e-04 0.0001 1.8
112 1.0794 20.0 280.0000 294.36 42 1 6.104e-05 2.087e-04 0.0126 1.7
113 1.0794 30.0 280.0000 295.73 53 1 7.629e-04 3.515e-04 0.0002 1.8
114 1.0794 40.0 280.0000 296.69 44 1 7.629e-04 4.270e-04 0.0000 1.7
115 1.0794 50.0 280.0000 296.65 44 1 9.766e-04 5.614e-04 0.0000 1.7
116 1.0794 60.0 280.0000 296.35 46 1 8.545e-04 3.709e-04 0.0000 1.7
117 1.0794 70.0 280.0000 295.91 44 1 9.460e-04 3.827e-04 0.0000 1.7
118 1.0794 80.0 280.0000 295.84 42 1 9.766e-04 4.623e-04 0.0000 1.6
119 1.0794 90.0 280.0000 295.90 43 1 9.766e-04 3.622e-04 0.0000 1.6
120 1.1080 0.0 280.0000 297.77 39 1 2.747e-04 6.309e-04 0.0000 1.6
121 1.1080 10.0 280.0000 298.12 42 1 8.545e-04 3.515e-04 0.0000 1.6
122 1.1080 20.0 280.0000 298.40 41 1 9.766e-04 2.056e-04 0.0102 1.7
123 1.1080 30.0 280.0000 299.96 49 1 9.460e-04 3.208e-04 0.0001 1.8
124 1.1080 40.0 280.0000 300.47 48 1 9.766e-04 3.194e-04 0.0000 1.7
125 1.1080 50.0 280.0000 300.48 46 1 9.766e-04 4.881e-04 0.0000 1.7
126 1.1080 60.0 280.0000 300.24 47 1 9.460e-04 4.499e-04 0.0000 1.7
127 1.1080 70.0 280.0000 299.67 47 1 9.155e-04 3.622e-04 0.0000 1.7
128 1.1080 80.0 280.0000 299.48 45 1 8.850e-04 4.027e-04 0.0000 1.8
129 1.1080 90.0 280.0000 299.49 45 1 8.545e-04 3.697e-04 0.0000 1.7
130 1.1378 0.0 280.0000 301.78 38 1 9.460e-04 9.261e-04 0.0000 1.6
131 1.1378 10.0 280.0000 301.80 44 1 7.019e-04 2.816e-04 0.0000 1.7
132 1.1378 20.0 280.0000 302.56 49 1 7.019e-04 3.496e-04 0.0016 1.7
133 1.1378 30.0 280.0000 303.67 46 1 8.850e-04 3.495e-04 0.0000 1.7
134 1.1378 40.0 280.0000 304.22 46 1 9.766e-04 4.077e-04 0.0000 1.7
135 1.1378 50.0 280.0000 304.40 49 1 8.850e-04 3.792e-04 0.0000 1.7
136 1.1378 60.0 280.0000 304.13 48 1 9.155e-04 3.659e-04 0.0000 1.7
137 1.1378 70.0 280.0000 303.50 48 1 9.155e-04 3.502e-04 0.0000 1.7
138 1.1378 80.0 280.0000 303.20 47 1 8.545e-04 3.619e-04 0.0000 1.7
139 1.1378 90.0 280.0000 303.18 47 1 9.460e-04 3.388e-04 0.0000 1.7
140 1.1687 0.0 280.0000 305.33 42 1 8.240e-04 5.440e-04 0.0000 1.7
141 1.1687 10.0 280.0000 305.80 52 1 9.155e-04 3.044e-04 0.0000 1.7
142 1.1687 20.0 280.0000 306.34 50 1 7.019e-04 2.744e-04 0.0000 1.8
143 1.1687 30.0 280.0000 307.25 45 1 8.545e-04 3.487e-04 0.0000 1.7
144 1.1687 40.0 280.0000 307.90 47 1 9.155e-04 3.440e-04 0.0000 1.8
145 1.1687 50.0 280.0000 308.28 47 1 9.460e-04 3.660e-04 0.0000 1.7
146 1.1687 60.0 280.0000 307.96 48 1 9.155e-04 3.771e-04 0.0000 1.7
147 1.1687 70.0 280.0000 307.29 47 1 9.766e-04 3.882e-04 0.0000 1.8
148 1.1687 80.0 280.0000 306.94 48 1 8.545e-04 3.104e-04 0.0000 1.7
149 1.1687 90.0 280.0000 306.90 47 1 9.155e-04 3.656e-04 0.0000 1.7
150 1.2010 0.0 280.0000 309.40 41 1 3.052e-04 6.821e-04 0.0000 1.6
151 1.2010 10.0 280.0000 309.48 44 1 7.935e-04 2.942e-04 0.0000 1.7
152 1.2010 20.0 280.0000 309.95 48 1 9.766e-04 3.530e-04 0.0001 1.7
153 1.2010 30.0 280.0000 310.69 44 1 9.766e-04 3.822e-04 0.0000 1.7
154 1.2010 40.0 280.0000 311.60 47 1 8.240e-04 2.981e-04 0.0000 1.7
155 1.2010 50.0 280.0000 311.92 46 1 9.766e-04 3.670e-04 0.0000 1.7
156 1.2010 60.0 280.0000 311.76 48 1 8.545e-04 2.933e-04 0.0000 1.7
157 1.2010 70.0 280.0000 311.00 47 1 9.155e-04 3.486e-04 0.0000 1.7
158 1.2010 80.0 280.0000 310.64 47 1 8.240e-04 3.349e-04 0.0000 1.7
159 1.2010 90.0 280.0000 310.59 47 1 8.240e-04 3.409e-04 0.0000 1.7
160 1.2346 0.0 280.0000 312.72 41 1 2.441e-04 5.786e-04 0.0000 1.6
161 1.2346 10.0 280.0000 312.87 44 1 8.850e-04 3.662e-04 0.0000 1.7
162 1.2346 20.0 280.0000 313.42 45 1 8.850e-04 3.126e-04 0.0000 1.7
163 1.2346 30.0 280.0000 314.12 45 1 8.850e-04 2.979e-04 0.0000 1.7
164 1.2346 40.0 280.0000 315.11 46 1 8.545e-04 2.514e-04 0.0000 1.7
165 1.2346 50.0 280.0000 315.57 47 1 7.324e-04 2.889e-04 0.0000 1.7
166 1.2346 60.0 280.0000 315.31 46 1 6.409e-04 2.455e-04 0.0000 1.7
167 1.2346 70.0 280.0000 314.67 47 1 7.935e-04 3.059e-04 0.0000 1.7
168 1.2346 80.0 280.0000 314.28 47 1 8.545e-04 3.042e-04 0.0000 1.7
169 1.2346 90.0 280.0000 314.22 47 1 7.629e-04 2.947e-04 0.0000 1.7
170 1.2696 0.0 280.0000 316.25 41 1 7.019e-04 8.667e-04 0.0000 1.6
171 1.2696 10.0 280.0000 316.50 47 1 8.850e-04 4.090e-04 0.0001 1.8
172 1.2696 20.0 280.0000 316.88 45 1 9.460e-04 2.970e-04 0.0000 1.7
173 1.2696 30.0 280.0000 317.58 46 1 7.935e-04 2.353e-04 0.0000 1.7
174 1.2696 40.0 280.0000 318.55 45 1 9.155e-04 2.702e-04 0.0000 1.7
175 1.2696 50.0 280.0000 319.02 44 1 9.460e-04 2.661e-04 0.0000 1.6
176 1.2696 60.0 280.0000 318.78 45 1 9.460e-04 2.842e-04 0.0000 1.7
177 1.2696 70.0 280.0000 318.20 45 1 9.155e-04 2.938e-04 0.0000 1.7
178 1.2696 80.0 280.0000 317.90 47 1 7.629e-04 2.592e-04 0.0000 1.7
179 1.2696 90.0 280.0000 317.84 46 1 9.155e-04 3.306e-04 0.0000 1.7
180 1.3061 0.0 280.0000 319.91 40 1 9.155e-04 9.941e-04 0.0000 1.6
181 1.3061 10.0 280.0000 320.03 47 1 7.019e-04 1.884e-04 0.0000 1.7
182 1.3061 20.0 280.0000 320.36 46 1 7.935e-04 2.255e-04 0.0000 1.7
183 1.3061 30.0 280.0000 321.07 45 1 9.766e-04 2.972e-04 0.0000 1.7
184 1.3061 40.0 280.0000 321.98 44 1 8.240e-04 2.968e-04 0.0000 1.6
185 1.3061 50.0 280.0000 322.33 43 1 8.850e-04 2.671e-04 0.0000 1.7
186 1.3061 60.0 280.0000 322.24 44 1 8.240e-04 2.574e-04 0.0000 1.7
187 1.3061 70.0 280.0000 321.67 45 1 6.409e-04 2.584e-04 0.0000 1.7
188 1.3061 80.0 280.0000 321.43 45 1 8.545e-04 2.782e-04 0.0000 1.6
189 1.3061 90.0 280.0000 321.42 46 1 8.545e-04 2.465e-04 0.0000 1.6
