# case inst obl xco2 tglob orbits flag dOLR dTglob asymNS seconds   [flag: 1 year-to-year test, p = 2..4 p-year cycle, 0 cap]
0 0.8000 0.0 280.0000 214.00 10 1 7.629e-06 3.396e-05 0.0000 1.2
1 0.8000 10.0 280.0000 213.98 10 1 3.052e-05 2.609e-05 0.0000 1.2
2 0.8000 20.0 280.0000 213.89 10 1 2.289e-05 1.213e-05 0.0000 1.2
3 0.8000 30.0 280.0000 213.93 10 1 1.526e-05 8.636e-06 0.0000 1.2
4 0.8000 40.0 280.0000 214.20 10 1 3.052e-05 1.279e-05 0.0000 1.2
5 0.8000 50.0 280.0000 215.57 10 1 1.526e-05 1.165e-05 0.0000 1.2
6 0.8000 60.0 280.0000 217.30 11 1 9.918e-05 5.214e-05 0.0000 1.2
7 0.8000 70.0 280.0000 218.51 11 1 8.392e-05 3.832e-05 0.0000 1.2
8 0.8000 80.0 280.0000 219.31 12 1 2.899e-04 1.618e-04 0.0000 1.2
9 0.8000 90.0 280.0000 219.90 12 1 4.272e-04 2.541e-04 0.0000 1.2
10 0.8250 0.0 280.0000 216.06 11 1 3.815e-05 1.848e-05 0.0000 1.2
11 0.8250 10.0 280.0000 216.05 11 1 4.578e-05 1.060e-05 0.0000 1.2
12 0.8250 20.0 280.0000 215.98 11 1 7.629e-06 6.160e-06 0.0000 1.2
13 0.8250 30.0 280.0000 216.06 11 1 7.629e-06 4.473e-06 0.0000 1.2
14 0.8250 40.0 280.0000 216.62 11 1 5.341e-05 2.322e-05 0.0000 1.2
15 0.8250 50.0 280.0000 218.11 11 1 4.807e-04 2.677e-04 0.0000 1.2
16 0.8250 60.0 280.0000 220.14 11 1 6.638e-04 3.536e-04 0.0000 1.2
17 0.8250 70.0 280.0000 221.46 15 3 3.133e-02 1.858e-02 0.4824 1.2
18 0.8250 80.0 280.0000 223.19 12 1 5.875e-04 3.782e-04 0.1234 1.2
19 0.8250 90.0 280.0000 223.80 11 1 9.918e-04 5.025e-04 0.0000 1.2
20 0.8500 0.0 280.0000 218.13 12 1 1.068e-04 5.363e-05 0.0000 1.2
21 0.8500 10.0 280.0000 218.12 12 1 6.104e-05 3.409e-05 0.0000 1.2
22 0.8500 20.0 280.0000 218.07 12 1 0.000e+00 7.564e-06 0.0000 1.2
23 0.8500 30.0 280.0000 218.21 12 1 7.629e-06 5.150e-06 0.0000 1.2
24 0.8500 40.0 280.0000 219.00 12 1 4.578e-05 1.973e-05 0.0000 1.2
25 0.8500 50.0 280.0000 221.29 12 1 2.747e-04 1.515e-04 0.0000 1.2
26 0.8500 60.0 280.0000 223.03 13 1 3.052e-05 2.745e-05 0.0000 1.2
27 0.8500 70.0 280.0000 225.31 15 1 1.373e-04 7.127e-05 0.0000 1.3
28 0.8500 80.0 280.0000 226.65 18 3 1.379e-01 7.542e-02 0.1823 1.3
29 0.8500 90.0 280.0000 227.18 15 1 1.221e-04 6.801e-05 0.0000 1.2
30 0.8750 0.0 280.0000 220.20 14 1 7.629e-06 1.910e-05 0.0000 1.2
31 0.8750 10.0 280.0000 220.20 14 1 7.629e-06 4.641e-06 0.0000 1.2
32 0.8750 20.0 280.0000 220.18 13 1 2.289e-04 1.196e-04 0.0000 1.2
33 0.8750 30.0 280.0000 220.37 13 1 3.281e-04 1.744e-04 0.0000 1.2
34 0.8750 40.0 280.0000 221.70 14 1 3.815e-05 1.731e-05 0.0000 1.2
35 0.8750 50.0 280.0000 224.05 15 1 3.815e-05 3.112e-05 0.0681 1.2
36 0.8750 60.0 280.0000 226.69 15 1 1.221e-04 8.307e-05 0.0000 1.2
37 0.8750 70.0 280.0000 228.66 16 3 2.071e-01 1.198e-01 0.0321 1.2
38 0.8750 80.0 280.0000 230.12 14 1 5.951e-04 2.838e-04 0.1322 1.2
39 0.8750 90.0 280.0000 230.68 19 2 9.512e-02 5.354e-02 0.0416 1.3
40 0.9000 0.0 280.0000 222.28 17 1 1.526e-05 2.022e-05 0.0000 1.3
41 0.9000 10.0 280.0000 222.29 16 1 8.469e-04 4.518e-04 0.0000 1.2
42 0.9000 20.0 280.0000 222.30 16 1 4.578e-05 1.696e-05 0.0000 1.2
43 0.9000 30.0 280.0000 222.56 16 1 7.629e-05 3.747e-05 0.0000 1.2
44 0.9000 40.0 280.0000 224.20 17 1 3.052e-05 2.151e-05 0.0000 1.3
45 0.9000 50.0 280.0000 226.89 18 1 1.984e-04 8.862e-05 0.0000 1.3
46 0.9000 60.0 280.0000 230.04 19 2 1.311e-01 7.664e-02 0.0643 1.3
47 0.9000 70.0 280.0000 231.95 16 1 5.951e-04 2.728e-04 0.0000 1.2
48 0.9000 80.0 280.0000 233.51 18 1 4.120e-04 2.033e-04 0.0000 1.3
49 0.9000 90.0 280.0000 233.96 17 1 3.052e-04 1.594e-04 0.0000 1.2
50 0.9250 0.0 280.0000 224.39 23 1 4.807e-04 1.174e-04 0.0000 1.3
51 0.9250 10.0 280.0000 224.41 22 1 8.392e-05 4.220e-05 0.0000 1.3
52 0.9250 20.0 280.0000 224.44 21 1 3.815e-05 2.106e-05 0.0000 1.3
53 0.9250 30.0 280.0000 224.78 21 1 1.526e-04 8.534e-05 0.0000 1.3
54 0.9250 40.0 280.0000 227.31 21 1 7.629e-05 3.137e-05 0.0000 1.3
55 0.9250 50.0 280.0000 230.54 25 2 7.660e-03 5.656e-03 0.3177 1.4
56 0.9250 60.0 280.0000 233.33 30 1 2.289e-04 1.113e-04 0.0000 1.4
57 0.9250 70.0 280.0000 235.32 20 1 5.341e-04 1.927e-03 0.1670 1.3
58 0.9250 80.0 280.0000 236.62 5000 0 1.541e-01 8.080e-02 0.2850 58.8
59 0.9250 90.0 280.0000 237.15 28 3 1.217e-01 6.581e-02 0.0840 1.4
60 0.9500 0.0 280.0000 264.18 45 1 4.425e-04 8.712e-04 0.0000 1.6
61 0.9500 10.0 280.0000 226.55 42 1 6.561e-04 3.718e-04 0.0000 1.5
62 0.9500 20.0 280.0000 226.61 36 1 3.052e-04 1.765e-04 0.0000 1.4
63 0.9500 30.0 280.0000 227.04 38 1 7.477e-04 3.978e-04 0.0000 1.4
64 0.9500 40.0 280.0000 230.03 34 1 1.068e-04 7.058e-05 0.0000 1.4
65 0.9500 50.0 280.0000 233.61 53 2 1.286e-02 6.179e-03 0.0207 1.6
66 0.9500 60.0 280.0000 279.55 41 1 7.477e-04 3.800e-04 0.0000 1.5
67 0.9500 70.0 280.0000 238.71 31 2 8.626e-02 4.362e-02 0.1411 1.4
68 0.9500 80.0 280.0000 240.04 29 4 1.208e-01 6.259e-02 0.4369 1.3
69 0.9500 90.0 280.0000 240.57 28 3 2.531e-01 1.333e-01 0.0647 1.4
70 0.9750 0.0 280.0000 272.43 43 1 1.221e-04 5.445e-04 0.0000 1.5
71 0.9750 10.0 280.0000 268.44 89 1 9.613e-04 4.567e-04 0.0000 2.0
72 0.9750 20.0 280.0000 269.49 73 1 3.662e-04 3.072e-04 0.0013 1.8
73 0.9750 30.0 280.0000 272.59 62 1 9.460e-04 4.287e-04 0.0001 1.7
74 0.9750 40.0 280.0000 274.21 117 1 9.918e-04 2.238e-04 0.1529 2.3
75 0.9750 50.0 280.0000 282.80 41 1 9.308e-04 4.423e-04 0.0001 1.5
76 0.9750 60.0 280.0000 282.68 38 1 9.155e-04 4.626e-04 0.0001 1.4
77 0.9750 70.0 280.0000 282.43 38 1 9.003e-04 5.043e-04 0.0001 1.5
78 0.9750 80.0 280.0000 245.43 45 2 5.342e-02 2.749e-02 0.1943 1.5
79 0.9750 90.0 280.0000 246.08 43 4 2.995e-02 1.450e-02 0.1038 1.5
80 1.0000 0.0 280.0000 278.03 43 1 3.967e-04 8.549e-04 0.0000 1.5
81 1.0000 10.0 280.0000 277.78 47 1 9.613e-04 4.619e-04 0.0000 1.6
82 1.0000 20.0 280.0000 277.68 56 1 8.545e-04 3.326e-04 0.0010 1.7
83 1.0000 30.0 280.0000 279.91 50 3 3.067e-03 1.269e-03 0.0526 1.6
84 1.0000 40.0 280.0000 283.66 72 1 9.918e-04 4.452e-04 0.1335 1.9
85 1.0000 50.0 280.0000 285.98 35 1 6.561e-04 3.353e-04 0.0002 1.4
86 1.0000 60.0 280.0000 285.83 34 1 8.087e-04 4.613e-04 0.0004 1.4
87 1.0000 70.0 280.0000 285.61 35 1 9.918e-04 4.096e-04 0.0003 1.4
88 1.0000 80.0 280.0000 285.66 34 1 9.308e-04 4.862e-04 0.0005 1.5
89 1.0000 90.0 280.0000 285.75 35 1 8.392e-04 3.734e-04 0.0003 1.5
90 1.0250 0.0 280.0000 284.30 28 1 6.104e-04 7.891e-04 0.0000 1.3
91 1.0250 10.0 280.0000 284.76 33 1 9.155e-04 4.458e-04 0.0001 1.4
92 1.0250 20.0 280.0000 284.45 47 3 1.572e-03 7.288e-04 0.0026 1.6
93 1.0250 30.0 280.0000 285.80 39 1 7.935e-04 4.053e-04 0.0001 1.5
94 1.0250 40.0 280.0000 289.21 41 1 8.850e-04 4.074e-04 0.0011 1.6
95 1.0250 50.0 280.0000 289.22 32 1 9.460e-04 4.703e-04 0.0006 1.4
96 1.0250 60.0 280.0000 289.04 33 1 7.019e-04 2.923e-04 0.0006 1.4
97 1.0250 70.0 280.0000 288.82 31 1 8.850e-04 3.754e-04 0.0011 1.4
98 1.0250 80.0 280.0000 288.86 32 1 7.629e-04 3.357e-04 0.0008 1.4
99 1.0250 90.0 280.0000 288.95 32 1 8.850e-04 3.603e-04 0.0008 1.4
100 1.0500 0.0 280.0000 288.84 33 1 3.967e-04 8.917e-04 0.0000 1.4
101 1.0500 10.0 280.0000 288.67 37 1 9.155e-04 4.300e-04 0.0000 1.4
102 1.0500 20.0 280.0000 289.09 39 1 8.850e-04 3.930e-04 0.0002 1.5
103 1.0500 30.0 280.0000 290.57 38 1 8.545e-04 4.053e-04 0.0832 1.5
104 1.0500 40.0 280.0000 292.79 41 1 7.935e-04 3.579e-04 0.0001 1.5
105 1.0500 50.0 280.0000 292.59 40 1 8.545e-04 4.140e-04 0.0001 1.5
106 1.0500 60.0 280.0000 292.33 39 1 9.766e-04 4.198e-04 0.0001 1.5
107 1.0500 70.0 280.0000 292.06 38 1 9.766e-04 4.214e-04 0.0001 1.5
108 1.0500 80.0 280.0000 292.07 38 1 9.766e-04 3.947e-04 0.0001 1.5
109 1.0500 90.0 280.0000 292.15 39 1 7.629e-04 3.150e-04 0.0001 1.4
110 1.0750 0.0 280.0000 292.49 37 1 4.272e-04 7.355e-04 0.0000 1.5
111 1.0750 10.0 280.0000 292.43 42 1 9.766e-04 3.496e-04 0.0000 1.5
112 1.0750 20.0 280.0000 293.56 36 1 4.272e-04 1.514e-05 0.0137 1.4
113 1.0750 30.0 280.0000 294.91 46 1 8.545e-04 3.792e-04 0.0007 1.5
114 1.0750 40.0 280.0000 296.10 41 1 7.324e-04 4.789e-04 0.0000 1.5
115 1.0750 50.0 280.0000 296.04 44 1 7.935e-04 3.545e-04 0.0000 1.5
116 1.0750 60.0 280.0000 295.73 43 1 9.766e-04 4.008e-04 0.0000 1.5
117 1.0750 70.0 280.0000 295.32 41 1 8.545e-04 4.195e-04 0.0000 1.5
118 1.0750 80.0 280.0000 295.27 41 1 8.545e-04 3.488e-04 0.0000 1.5
119 1.0750 90.0 280.0000 295.33 40 1 9.155e-04 4.109e-04 0.0000 1.5
120 1.1000 0.0 280.0000 296.81 39 1 9.766e-04 7.043e-04 0.0000 1.4
121 1.1000 10.0 280.0000 297.10 44 1 8.545e-04 2.902e-04 0.0000 1.6
122 1.1000 20.0 280.0000 297.30 38 1 9.460e-04 3.205e-04 0.0110 1.5
123 1.1000 30.0 280.0000 298.88 46 1 8.240e-04 3.269e-04 0.0001 1.6
124 1.1000 40.0 280.0000 299.41 44 1 7.629e-04 3.531e-04 0.0000 1.6
125 1.1000 50.0 280.0000 299.41 44 1 9.155e-04 3.834e-04 0.0000 1.5
126 1.1000 60.0 280.0000 299.15 44 1 8.545e-04 4.292e-04 0.0000 1.5
127 1.1000 70.0 280.0000 298.61 43 1 9.460e-04 4.144e-04 0.0000 1.6
128 1.1000 80.0 280.0000 298.44 42 1 8.545e-04 3.789e-04 0.0000 1.5
129 1.1000 90.0 280.0000 298.47 42 1 7.935e-04 3.465e-04 0.0000 1.5
130 1.1250 0.0 280.0000 300.30 37 1 6.104e-04 5.968e-04 0.0000 1.4
131 1.1250 10.0 280.0000 300.30 40 1 8.545e-04 3.049e-04 0.0000 1.5
132 1.1250 20.0 280.0000 300.80 44 1 7.019e-04 3.292e-04 0.0000 1.6
133 1.1250 30.0 280.0000 302.13 44 1 8.240e-04 3.277e-04 0.0000 1.6
134 1.1250 40.0 280.0000 302.65 43 1 9.766e-04 3.796e-04 0.0000 1.5
135 1.1250 50.0 280.0000 302.72 45 1 9.766e-04 3.570e-04 0.0000 1.5
136 1.1250 60.0 280.0000 302.48 44 1 9.460e-04 4.187e-04 0.0000 1.6
137 1.1250 70.0 280.0000 301.85 43 1 7.629e-04 4.438e-04 0.0000 1.5
138 1.1250 80.0 280.0000 301.59 44 1 7.324e-04 2.993e-04 0.0000 1.6
139 1.1250 90.0 280.0000 301.58 43 1 8.545e-04 3.351e-04 0.0000 1.6
140 1.1500 0.0 280.0000 303.19 39 1 2.136e-04 3.162e-04 0.0000 1.4
141 1.1500 10.0 280.0000 303.37 42 1 9.766e-04 3.164e-04 0.0000 1.5
142 1.1500 20.0 280.0000 304.18 43 1 9.460e-04 4.295e-04 0.0001 1.5
143 1.1500 30.0 280.0000 305.11 42 1 9.460e-04 3.467e-04 0.0000 1.5
144 1.1500 40.0 280.0000 305.68 42 1 9.766e-04 4.002e-04 0.0000 1.5
145 1.1500 50.0 280.0000 305.99 45 1 7.324e-04 3.492e-04 0.0000 1.6
146 1.1500 60.0 280.0000 305.64 44 1 9.155e-04 3.417e-04 0.0000 1.5
147 1.1500 70.0 280.0000 304.99 44 1 9.155e-04 3.352e-04 0.0000 1.6
148 1.1500 80.0 280.0000 304.67 44 1 6.714e-04 2.914e-04 0.0000 1.5
149 1.1500 90.0 280.0000 304.64 43 1 8.850e-04 3.426e-04 0.0000 1.6
150 1.1750 0.0 280.0000 306.06 37 1 8.850e-04 7.866e-04 0.0000 1.4
151 1.1750 10.0 280.0000 306.57 46 1 1.831e-04 4.725e-05 0.0026 1.6
152 1.1750 20.0 280.0000 307.06 42 1 8.850e-04 3.336e-04 0.0000 1.5
153 1.1750 30.0 280.0000 307.93 40 1 9.766e-04 3.731e-04 0.0000 1.5
154 1.1750 40.0 280.0000 308.62 42 1 9.766e-04 3.688e-04 0.0000 1.5
155 1.1750 50.0 280.0000 308.98 42 1 8.545e-04 3.592e-04 0.0000 1.6
156 1.1750 60.0 280.0000 308.69 44 1 6.409e-04 2.992e-04 0.0000 1.5
157 1.1750 70.0 280.0000 307.99 43 1 9.155e-04 3.247e-04 0.0000 1.6
158 1.1750 80.0 280.0000 307.64 43 1 7.935e-04 3.210e-04 0.0000 1.5
159 1.1750 90.0 280.0000 307.59 43 1 8.240e-04 3.063e-04 0.0000 1.5
160 1.2000 0.0 280.0000 309.30 37 1 8.240e-04 6.008e-04 0.0000 1.4
161 1.2000 10.0 280.0000 309.38 39 1 7.935e-04 3.227e-04 0.0000 1.5
162 1.2000 20.0 280.0000 309.83 42 1 9.155e-04 3.227e-04 0.0000 1.6
163 1.2000 30.0 280.0000 310.59 40 1 8.850e-04 3.022e-04 0.0000 1.5
164 1.2000 40.0 280.0000 311.48 41 1 8.850e-04 3.508e-04 0.0000 1.5
165 1.2000 50.0 280.0000 311.78 41 1 9.155e-04 3.535e-04 0.0000 1.5
166 1.2000 60.0 280.0000 311.60 42 1 9.460e-04 3.389e-04 0.0000 1.5
167 1.2000 70.0 280.0000 310.85 42 1 7.324e-04 3.240e-04 0.0000 1.5
168 1.2000 80.0 280.0000 310.49 42 1 8.850e-04 3.140e-04 0.0000 1.5
169 1.2000 90.0 280.0000 310.44 42 1 7.935e-04 3.170e-04 0.0000 1.6
170 1.2250 0.0 280.0000 311.77 35 1 2.747e-04 6.903e-04 0.0000 1.4
171 1.2250 10.0 280.0000 311.90 39 1 5.493e-04 2.807e-04 0.0000 1.5
172 1.2250 20.0 280.0000 312.46 39 1 9.460e-04 3.558e-04 0.0000 1.5
173 1.2250 30.0 280.0000 313.15 39 1 9.460e-04 3.222e-04 0.0000 1.5
174 1.2250 40.0 280.0000 314.12 40 1 7.629e-04 2.960e-04 0.0000 1.5
175 1.2250 50.0 280.0000 314.52 41 1 9.766e-04 3.089e-04 0.0000 1.6
176 1.2250 60.0 280.0000 314.29 40 1 8.850e-04 3.195e-04 0.0000 1.6
177 1.2250 70.0 280.0000 313.60 41 1 9.460e-04 3.359e-04 0.0000 1.5
178 1.2250 80.0 280.0000 313.22 41 1 7.629e-04 3.214e-04 0.0000 1.6
179 1.2250 90.0 280.0000 313.17 41 1 8.850e-04 3.140e-04 0.0000 1.5
180 1.2500 0.0 280.0000 314.28 36 1 9.766e-04 6.336e-04 0.0000 1.5
181 1.2500 10.0 280.0000 314.45 42 1 8.850e-04 3.213e-04 0.0001 1.5
182 1.2500 20.0 280.0000 314.95 39 1 9.460e-04 3.140e-04 0.0000 1.5
183 1.2500 30.0 280.0000 315.66 39 1 8.850e-04 2.932e-04 0.0000 1.5
184 1.2500 40.0 280.0000 316.62 39 1 8.545e-04 2.775e-04 0.0000 1.5
185 1.2500 50.0 280.0000 317.11 39 1 7.629e-04 2.705e-04 0.0000 1.5
186 1.2500 60.0 280.0000 316.82 40 1 6.409e-04 2.119e-04 0.0000 1.5
187 1.2500 70.0 280.0000 316.22 40 1 7.324e-04 2.829e-04 0.0000 1.6
188 1.2500 80.0 280.0000 315.86 40 1 8.545e-04 3.291e-04 0.0000 1.5
189 1.2500 90.0 280.0000 315.80 40 1 8.545e-04 3.284e-04 0.0000 1.4
