# case inst obl xco2 tglob orbits flag dOLR dTglob asymNS seconds   [flag: 1 year-to-year test, p = 2..4 p-year cycle, 0 cap]
0 1.0500 0.0 280.0000 235.31 4 1 3.052e-05 3.318e-05 0.0000 1.1
1 1.0500 10.0 280.0000 235.40 4 1 9.155e-05 3.477e-05 0.0000 1.1
2 1.0500 20.0 280.0000 235.66 4 1 1.068e-04 4.544e-05 0.0000 1.1
3 1.0500 30.0 280.0000 239.17 4 1 4.120e-04 1.996e-04 0.0000 1.1
4 1.0500 40.0 280.0000 244.36 5 1 3.052e-05 5.353e-06 0.0000 1.1
5 1.0500 50.0 280.0000 248.64 5000 0 3.487e-02 1.747e-02 0.0981 58.8
6 1.0500 60.0 280.0000 252.55 13 3 2.332e-01 1.157e-01 0.1249 1.2
7 1.0500 70.0 280.0000 292.06 92 1 8.850e-04 3.928e-04 0.0000 2.1
8 1.0500 80.0 280.0000 292.07 72 1 8.850e-04 3.312e-04 0.0000 1.8
9 1.0500 90.0 280.0000 292.15 70 1 7.629e-04 3.165e-04 0.0000 1.9
10 1.0750 0.0 280.0000 237.60 4 1 4.578e-05 6.712e-05 0.0000 1.0
11 1.0750 10.0 280.0000 237.71 4 1 1.373e-04 7.324e-05 0.0000 1.0
12 1.0750 20.0 280.0000 238.05 4 1 2.136e-04 9.678e-05 0.0000 1.0
13 1.0750 30.0 280.0000 243.85 6 1 9.155e-05 4.224e-04 0.1400 1.1
14 1.0750 40.0 280.0000 247.92 7 1 8.087e-04 3.737e-04 0.0000 1.1
15 1.0750 50.0 280.0000 253.54 9 2 3.258e-02 1.594e-02 0.1670 1.1
16 1.0750 60.0 280.0000 295.73 73 1 8.545e-04 3.693e-04 0.0000 1.9
17 1.0750 70.0 280.0000 295.32 58 1 8.850e-04 4.251e-04 0.0000 1.7
18 1.0750 80.0 280.0000 295.27 57 1 8.545e-04 3.647e-04 0.0000 1.6
19 1.0750 90.0 280.0000 295.33 56 1 9.155e-04 4.049e-04 0.0000 1.6
20 1.1000 0.0 280.0000 239.95 4 1 4.272e-04 1.248e-04 0.0000 1.0
21 1.1000 10.0 280.0000 240.09 4 1 2.747e-04 1.417e-04 0.0000 1.0
22 1.1000 20.0 280.0000 240.51 4 1 3.510e-04 1.763e-04 0.0000 1.0
23 1.1000 30.0 280.0000 250.01 8 1 1.068e-04 5.990e-05 0.0000 1.1
24 1.1000 40.0 280.0000 254.40 5000 0 4.942e-02 2.375e-02 0.1191 58.2
25 1.1000 50.0 280.0000 299.41 57 1 9.766e-04 4.455e-04 0.0000 1.7
26 1.1000 60.0 280.0000 299.15 55 1 8.545e-04 4.073e-04 0.0000 1.6
27 1.1000 70.0 280.0000 298.61 54 1 9.460e-04 3.959e-04 0.0000 1.6
28 1.1000 80.0 280.0000 298.44 53 1 7.935e-04 3.638e-04 0.0000 1.6
29 1.1000 90.0 280.0000 298.47 53 1 7.324e-04 3.271e-04 0.0000 1.6
30 1.1250 0.0 280.0000 242.40 4 1 4.730e-04 2.122e-04 0.0000 1.0
31 1.1250 10.0 280.0000 242.56 4 1 4.578e-04 2.290e-04 0.0000 1.0
32 1.1250 20.0 280.0000 247.37 8 1 1.373e-04 6.057e-05 0.0000 1.0
33 1.1250 30.0 280.0000 302.13 54 1 7.629e-04 3.118e-04 0.0000 1.7
34 1.1250 40.0 280.0000 302.65 52 1 8.240e-04 3.607e-04 0.0000 1.7
35 1.1250 50.0 280.0000 302.72 53 1 8.850e-04 3.488e-04 0.0000 1.6
36 1.1250 60.0 280.0000 302.48 52 1 9.155e-04 3.928e-04 0.0000 1.6
37 1.1250 70.0 280.0000 301.85 51 1 7.324e-04 4.454e-04 0.0000 1.6
38 1.1250 80.0 280.0000 301.59 52 1 7.019e-04 3.110e-04 0.0000 1.6
39 1.1250 90.0 280.0000 301.58 51 1 9.155e-04 3.480e-04 0.0000 1.5
40 1.1500 0.0 280.0000 244.91 4 1 3.052e-04 3.289e-04 0.0000 1.0
41 1.1500 10.0 280.0000 245.10 4 1 7.172e-04 3.403e-04 0.0000 1.0
42 1.1500 20.0 280.0000 304.18 51 1 8.850e-04 4.206e-04 0.0000 1.6
43 1.1500 30.0 280.0000 305.11 50 1 8.850e-04 3.098e-04 0.0000 1.6
44 1.1500 40.0 280.0000 305.68 49 1 8.240e-04 3.685e-04 0.0000 1.6
45 1.1500 50.0 280.0000 305.99 51 1 7.629e-04 3.578e-04 0.0000 1.6
46 1.1500 60.0 280.0000 305.64 50 1 9.460e-04 3.521e-04 0.0000 1.6
47 1.1500 70.0 280.0000 304.99 50 1 9.766e-04 3.681e-04 0.0000 1.6
48 1.1500 80.0 280.0000 304.67 50 1 9.460e-04 3.302e-04 0.0000 1.6
49 1.1500 90.0 280.0000 304.64 50 1 7.019e-04 3.125e-04 0.0000 1.6
50 1.1750 0.0 280.0000 247.50 4 1 7.172e-04 4.939e-04 0.0000 1.0
51 1.1750 10.0 280.0000 247.73 5 1 3.052e-05 7.127e-06 0.0000 1.0
52 1.1750 20.0 280.0000 307.06 48 1 9.460e-04 3.705e-04 0.0000 1.6
53 1.1750 30.0 280.0000 307.93 46 1 9.766e-04 3.820e-04 0.0000 1.5
54 1.1750 40.0 280.0000 308.62 48 1 8.850e-04 3.278e-04 0.0000 1.6
55 1.1750 50.0 280.0000 308.98 47 1 8.850e-04 3.737e-04 0.0000 1.5
56 1.1750 60.0 280.0000 308.69 49 1 6.409e-04 3.071e-04 0.0000 1.5
57 1.1750 70.0 280.0000 307.99 49 1 7.324e-04 2.793e-04 0.0000 1.5
58 1.1750 80.0 280.0000 307.64 48 1 8.545e-04 3.586e-04 0.0000 1.5
59 1.1750 90.0 280.0000 307.59 49 1 7.019e-04 2.733e-04 0.0000 1.6
60 1.2000 0.0 280.0000 309.30 43 1 2.747e-04 6.814e-04 0.0000 1.5
61 1.2000 10.0 280.0000 309.38 45 1 9.155e-04 3.375e-04 0.0000 1.5
62 1.2000 20.0 280.0000 309.83 49 1 7.019e-04 2.250e-04 0.0000 1.6
63 1.2000 30.0 280.0000 310.59 46 1 4.883e-04 2.476e-04 0.0000 1.5
64 1.2000 40.0 280.0000 311.48 46 1 8.240e-04 3.258e-04 0.0000 1.6
65 1.2000 50.0 280.0000 311.78 46 1 7.324e-04 3.045e-04 0.0000 1.5
66 1.2000 60.0 280.0000 311.60 47 1 7.019e-04 2.969e-04 0.0000 1.6
67 1.2000 70.0 280.0000 310.85 47 1 6.409e-04 2.935e-04 0.0000 1.5
68 1.2000 80.0 280.0000 310.49 46 1 9.766e-04 3.757e-04 0.0000 1.5
69 1.2000 90.0 280.0000 310.44 47 1 9.460e-04 2.988e-04 0.0000 1.6
70 1.2250 0.0 280.0000 311.77 40 1 3.357e-04 7.464e-04 0.0000 1.5
71 1.2250 10.0 280.0000 311.90 44 1 6.714e-04 2.903e-04 0.0000 1.5
72 1.2250 20.0 280.0000 312.46 44 1 9.155e-04 3.466e-04 0.0000 1.5
73 1.2250 30.0 280.0000 313.15 44 1 7.324e-04 2.877e-04 0.0000 1.5
74 1.2250 40.0 280.0000 314.12 44 1 7.324e-04 3.028e-04 0.0000 1.5
75 1.2250 50.0 280.0000 314.52 44 1 9.766e-04 3.889e-04 0.0000 1.5
76 1.2250 60.0 280.0000 314.29 44 1 9.155e-04 3.144e-04 0.0000 1.5
77 1.2250 70.0 280.0000 313.60 45 1 9.766e-04 3.407e-04 0.0000 1.5
78 1.2250 80.0 280.0000 313.22 45 1 8.545e-04 3.331e-04 0.0000 1.5
79 1.2250 90.0 280.0000 313.17 45 1 9.155e-04 3.258e-04 0.0000 1.5
80 1.2500 0.0 280.0000 314.28 39 1 9.766e-04 9.933e-04 0.0000 1.5
81 1.2500 10.0 280.0000 314.45 47 1 5.188e-04 2.944e-04 0.0001 1.5
82 1.2500 20.0 280.0000 314.95 43 1 8.850e-04 3.483e-04 0.0000 1.5
83 1.2500 30.0 280.0000 315.66 43 1 8.545e-04 2.973e-04 0.0000 1.5
84 1.2500 40.0 280.0000 316.62 42 1 9.155e-04 3.311e-04 0.0000 1.5
85 1.2500 50.0 280.0000 317.11 42 1 8.545e-04 3.088e-04 0.0000 1.5
86 1.2500 60.0 280.0000 316.81 43 1 7.935e-04 2.437e-04 0.0000 1.5
87 1.2500 70.0 280.0000 316.22 44 1 7.019e-04 2.564e-04 0.0000 1.5
88 1.2500 80.0 280.0000 315.86 44 1 8.240e-04 3.043e-04 0.0000 1.5
89 1.2500 90.0 280.0000 315.80 44 1 8.240e-04 3.051e-04 0.0000 1.5
90 1.2750 0.0 280.0000 316.80 42 1 1.221e-04 4.532e-04 0.0000 1.5
91 1.2750 10.0 280.0000 317.04 46 1 7.324e-04 2.459e-04 0.0000 1.5
92 1.2750 20.0 280.0000 317.39 44 1 4.883e-04 1.791e-04 0.0000 1.5
93 1.2750 30.0 280.0000 318.09 42 1 8.850e-04 2.923e-04 0.0000 1.5
94 1.2750 40.0 280.0000 319.04 42 1 8.240e-04 2.374e-04 0.0000 1.5
95 1.2750 50.0 280.0000 319.47 40 1 9.460e-04 3.060e-04 0.0000 1.5
96 1.2750 60.0 280.0000 319.26 41 1 9.766e-04 3.119e-04 0.0000 1.5
97 1.2750 70.0 280.0000 318.69 42 1 7.019e-04 2.629e-04 0.0000 1.5
98 1.2750 80.0 280.0000 318.40 43 1 7.935e-04 2.750e-04 0.0000 1.5
99 1.2750 90.0 280.0000 318.36 43 1 8.850e-04 3.015e-04 0.0000 1.5
100 1.3000 0.0 280.0000 319.34 39 1 8.240e-04 7.871e-04 0.0000 1.4
101 1.3000 10.0 280.0000 319.46 42 1 8.240e-04 2.683e-04 0.0000 1.5
102 1.3000 20.0 280.0000 319.77 41 1 9.460e-04 3.316e-04 0.0000 1.5
103 1.3000 30.0 280.0000 320.49 41 1 9.155e-04 3.126e-04 0.0000 1.5
104 1.3000 40.0 280.0000 321.39 40 1 7.324e-04 2.982e-04 0.0000 1.5
105 1.3000 50.0 280.0000 321.74 39 1 7.629e-04 2.843e-04 0.0000 1.5
106 1.3000 60.0 280.0000 321.63 40 1 9.766e-04 2.828e-04 0.0000 1.5
107 1.3000 70.0 280.0000 321.07 40 1 9.766e-04 3.400e-04 0.0000 1.5
108 1.3000 80.0 280.0000 320.83 42 1 8.545e-04 2.247e-04 0.0000 1.5
109 1.3000 90.0 280.0000 320.81 42 1 7.019e-04 2.485e-04 0.0000 1.6
110 1.3250 0.0 280.0000 321.67 39 1 7.019e-04 5.215e-04 0.0000 1.6
111 1.3250 10.0 280.0000 321.80 42 1 6.714e-04 2.355e-04 0.0000 1.5
112 1.3250 20.0 280.0000 322.11 40 1 9.766e-04 3.555e-04 0.0000 1.6
113 1.3250 30.0 280.0000 322.83 40 1 9.766e-04 3.305e-04 0.0000 1.5
114 1.3250 40.0 280.0000 323.68 40 1 8.240e-04 2.267e-04 0.0000 1.5
115 1.3250 50.0 280.0000 323.96 39 1 7.629e-04 2.176e-04 0.0000 1.5
116 1.3250 60.0 280.0000 323.87 39 1 6.409e-04 2.345e-04 0.0000 1.5
117 1.3250 70.0 280.0000 323.39 40 1 8.240e-04 2.629e-04 0.0000 1.5
118 1.3250 80.0 280.0000 323.17 40 1 9.460e-04 2.858e-04 0.0000 1.5
119 1.3250 90.0 280.0000 323.17 40 1 9.460e-04 3.000e-04 0.0000 1.5
120 1.3500 0.0 280.0000 324.00 38 1 2.747e-04 6.313e-04 0.0000 1.5
121 1.3500 10.0 280.0000 324.15 42 1 5.493e-04 2.085e-04 0.0000 1.6
122 1.3500 20.0 280.0000 324.44 41 1 8.240e-04 2.583e-04 0.0000 1.5
123 1.3500 30.0 280.0000 325.13 41 1 7.019e-04 2.040e-04 0.0000 1.5
124 1.3500 40.0 280.0000 325.92 39 1 7.935e-04 2.341e-04 0.0000 1.5
125 1.3500 50.0 280.0000 326.14 38 1 7.324e-04 2.405e-04 0.0000 1.5
126 1.3500 60.0 280.0000 326.04 38 1 7.935e-04 2.255e-04 0.0000 1.5
127 1.3500 70.0 280.0000 325.66 39 1 7.019e-04 2.610e-04 0.0000 1.5
128 1.3500 80.0 280.0000 325.46 39 1 7.935e-04 3.143e-04 0.0000 1.5
129 1.3500 90.0 280.0000 325.47 40 1 8.240e-04 2.421e-04 0.0000 1.5
130 1.3750 0.0 280.0000 326.34 38 1 2.441e-04 6.251e-04 0.0000 1.5
131 1.3750 10.0 280.0000 326.49 40 1 8.545e-04 3.501e-04 0.0000 1.5
132 1.3750 20.0 280.0000 326.77 40 1 8.545e-04 3.066e-04 0.0000 1.5
133 1.3750 30.0 280.0000 327.42 39 1 9.460e-04 3.279e-04 0.0000 1.5
134 1.3750 40.0 280.0000 328.12 38 1 8.850e-04 2.683e-04 0.0000 1.5
135 1.3750 50.0 280.0000 328.29 37 1 8.545e-04 2.745e-04 0.0000 1.5
136 1.3750 60.0 280.0000 328.15 37 1 8.850e-04 2.539e-04 0.0000 1.5
137 1.3750 70.0 280.0000 327.85 38 1 9.460e-04 2.459e-04 0.0000 1.5
138 1.3750 80.0 280.0000 327.72 40 1 5.188e-04 1.915e-04 0.0000 1.5
139 1.3750 90.0 280.0000 327.73 40 1 6.714e-04 1.976e-04 0.0000 1.6
140 1.4000 0.0 280.0000 328.69 36 1 9.460e-04 1.087e-03 0.0000 1.5
141 1.4000 10.0 280.0000 328.83 40 1 8.850e-04 3.169e-04 0.0000 1.5
142 1.4000 20.0 280.0000 329.08 40 1 8.850e-04 2.738e-04 0.0000 1.6
143 1.4000 30.0 280.0000 329.69 40 1 6.104e-04 2.145e-04 0.0000 1.5
144 1.4000 40.0 280.0000 330.29 37 1 9.460e-04 3.163e-04 0.0000 1.5
145 1.4000 50.0 280.0000 330.41 37 1 7.019e-04 2.400e-04 0.0000 1.5
146 1.4000 60.0 280.0000 330.26 37 1 7.629e-04 2.377e-04 0.0000 1.5
147 1.4000 70.0 280.0000 329.98 38 1 7.629e-04 1.878e-04 0.0000 1.5
148 1.4000 80.0 280.0000 329.92 38 1 7.629e-04 2.607e-04 0.0000 1.5
149 1.4000 90.0 280.0000 329.96 38 1 8.850e-04 2.911e-04 0.0000 1.5
150 1.4250 0.0 280.0000 331.00 36 1 8.545e-04 8.941e-04 0.0000 1.5
151 1.4250 10.0 280.0000 331.13 41 1 5.798e-04 2.017e-04 0.0000 1.5
152 1.4250 20.0 280.0000 331.37 39 1 8.850e-04 3.334e-04 0.0000 1.5
153 1.4250 30.0 280.0000 331.94 38 1 9.460e-04 3.403e-04 0.0000 1.5
154 1.4250 40.0 280.0000 332.45 37 1 9.155e-04 2.908e-04 0.0000 1.5
155 1.4250 50.0 280.0000 332.52 37 1 7.324e-04 2.190e-04 0.0000 1.5
156 1.4250 60.0 280.0000 332.37 37 1 7.324e-04 2.243e-04 0.0000 1.5
157 1.4250 70.0 280.0000 332.09 37 1 7.935e-04 2.443e-04 0.0000 1.5
158 1.4250 80.0 280.0000 332.07 38 1 7.935e-04 2.043e-04 0.0000 1.5
159 1.4250 90.0 280.0000 332.13 38 1 7.324e-04 2.283e-04 0.0000 1.5
160 1.4500 0.0 280.0000 333.28 36 1 4.272e-04 8.533e-04 0.0000 1.4
161 1.4500 10.0 280.0000 333.40 39 1 9.155e-04 3.163e-04 0.0000 1.5
162 1.4500 20.0 280.0000 333.64 39 1 8.545e-04 2.961e-04 0.0000 1.5
163 1.4500 30.0 280.0000 334.17 39 1 6.104e-04 2.224e-04 0.0000 1.5
164 1.4500 40.0 280.0000 334.61 37 1 8.545e-04 2.748e-04 0.0000 1.5
165 1.4500 50.0 280.0000 334.63 36 1 9.155e-04 2.927e-04 0.0000 1.5
166 1.4500 60.0 280.0000 334.48 36 1 9.155e-04 3.007e-04 0.0000 1.5
167 1.4500 70.0 280.0000 334.20 37 1 6.714e-04 2.343e-04 0.0000 1.5
168 1.4500 80.0 280.0000 334.19 38 1 5.798e-04 1.779e-04 0.0000 1.5
169 1.4500 90.0 280.0000 334.27 38 1 4.272e-04 1.874e-04 0.0000 1.5
170 1.4750 0.0 280.0000 335.53 36 1 7.324e-04 7.375e-04 0.0000 1.5
171 1.4750 10.0 280.0000 335.65 39 1 8.850e-04 2.873e-04 0.0000 1.5
172 1.4750 20.0 280.0000 335.89 39 1 7.629e-04 2.798e-04 0.0000 1.5
173 1.4750 30.0 280.0000 336.39 38 1 8.545e-04 2.819e-04 0.0000 1.5
174 1.4750 40.0 280.0000 336.77 37 1 7.629e-04 2.591e-04 0.0000 1.5
175 1.4750 50.0 280.0000 336.74 36 1 9.155e-04 3.013e-04 0.0000 1.5
176 1.4750 60.0 280.0000 336.59 38 1 9.766e-04 1.499e-04 0.0000 1.5
177 1.4750 70.0 280.0000 336.32 37 1 7.324e-04 2.271e-04 0.0000 1.5
178 1.4750 80.0 280.0000 336.31 37 1 8.850e-04 2.383e-04 0.0000 1.5
179 1.4750 90.0 280.0000 336.38 37 1 6.714e-04 2.419e-04 0.0000 1.5
180 1.5000 0.0 280.0000 337.78 34 1 8.850e-04 1.314e-03 0.0000 1.4
181 1.5000 10.0 280.0000 337.90 40 1 8.240e-04 2.058e-04 0.0000 1.6
182 1.5000 20.0 280.0000 338.14 39 1 9.155e-04 2.567e-04 0.0000 1.6
183 1.5000 30.0 280.0000 338.59 37 1 9.766e-04 3.523e-04 0.0000 1.5
184 1.5000 40.0 280.0000 338.92 38 1 6.104e-04 1.826e-04 0.0000 1.5
185 1.5000 50.0 280.0000 338.87 36 1 9.766e-04 3.116e-04 0.0000 1.4
186 1.5000 60.0 280.0000 338.70 37 1 7.019e-04 2.096e-04 0.0000 1.4
187 1.5000 70.0 280.0000 338.43 36 1 8.545e-04 3.073e-04 0.0000 1.5
188 1.5000 80.0 280.0000 338.43 37 1 8.545e-04 2.325e-04 0.0000 1.4
189 1.5000 90.0 280.0000 338.50 37 1 7.629e-04 2.345e-04 0.0000 1.4
