# case inst obl xco2 tglob orbits flag dOLR dTglob asymNS seconds   [flag: 1 year-to-year test, p = 2..4 p-year cycle, 0 cap]
0 1.0519 0.0 280.0000 235.49 4 1 3.052e-05 5.291e-05 0.0000 1.1
1 1.0519 10.0 280.0000 235.57 4 1 9.155e-05 5.512e-05 0.0000 1.1
2 1.0519 20.0 280.0000 235.82 4 1 1.068e-04 6.966e-05 0.0000 1.1
3 1.0519 30.0 280.0000 239.27 5 1 1.373e-04 7.733e-05 0.0000 1.1
4 1.0519 40.0 280.0000 244.26 6 1 1.526e-04 2.139e-04 0.0769 1.1
5 1.0519 50.0 280.0000 248.29 5000 0 2.105e-01 1.068e-01 0.0826 58.9
6 1.0519 60.0 280.0000 252.49 16 1 3.052e-04 1.310e-04 0.0000 1.2
7 1.0519 70.0 280.0000 292.31 90 1 8.850e-04 4.193e-04 0.0000 2.2
8 1.0519 80.0 280.0000 292.32 73 1 9.766e-04 3.545e-04 0.0000 1.9
9 1.0519 90.0 280.0000 292.40 71 1 8.240e-04 3.310e-04 0.0000 1.9
10 1.0794 0.0 280.0000 238.01 4 1 8.698e-04 1.322e-04 0.0000 1.0
11 1.0794 10.0 280.0000 238.12 4 1 2.899e-04 1.483e-04 0.0000 1.1
12 1.0794 20.0 280.0000 238.45 4 1 3.815e-04 1.850e-04 0.0000 1.0
13 1.0794 30.0 280.0000 243.93 7 1 3.662e-04 1.604e-04 0.0000 1.1
14 1.0794 40.0 280.0000 248.00 8 1 1.526e-04 8.269e-05 0.0000 1.1
15 1.0794 50.0 280.0000 253.48 7 1 8.698e-04 4.131e-04 0.4737 1.1
16 1.0794 60.0 280.0000 296.35 71 1 9.460e-04 4.042e-04 0.0000 1.9
17 1.0794 70.0 280.0000 295.91 61 1 9.460e-04 3.836e-04 0.0000 1.8
18 1.0794 80.0 280.0000 295.84 59 1 9.155e-04 3.905e-04 0.0000 1.7
19 1.0794 90.0 280.0000 295.90 59 1 9.766e-04 3.546e-04 0.0000 1.7
20 1.1080 0.0 280.0000 240.73 4 1 3.510e-04 3.444e-04 0.0000 1.1
21 1.1080 10.0 280.0000 240.87 4 1 7.324e-04 3.579e-04 0.0000 1.0
22 1.1080 20.0 280.0000 241.26 4 1 8.545e-04 4.196e-04 0.0000 1.0
23 1.1080 30.0 280.0000 250.41 7 1 1.831e-04 6.532e-05 0.0000 1.1
24 1.1080 40.0 280.0000 254.71 9 3 1.109e-01 5.566e-02 0.0392 1.1
25 1.1080 50.0 280.0000 300.48 60 1 9.766e-04 3.928e-04 0.0000 1.7
26 1.1080 60.0 280.0000 300.24 57 1 8.545e-04 5.170e-04 0.0000 1.7
27 1.1080 70.0 280.0000 299.67 58 1 7.935e-04 3.465e-04 0.0000 1.7
28 1.1080 80.0 280.0000 299.48 56 1 8.545e-04 3.860e-04 0.0000 1.7
29 1.1080 90.0 280.0000 299.49 56 1 8.240e-04 3.497e-04 0.0000 1.7
30 1.1378 0.0 280.0000 243.67 4 1 9.613e-04 6.581e-04 0.0000 1.1
31 1.1378 10.0 280.0000 243.83 5 1 1.526e-05 1.159e-05 0.0000 1.0
32 1.1378 20.0 280.0000 302.56 59 1 8.545e-04 2.411e-04 0.0050 1.7
33 1.1378 30.0 280.0000 303.67 55 1 9.460e-04 3.912e-04 0.0000 1.7
34 1.1378 40.0 280.0000 304.22 56 1 7.629e-04 3.072e-04 0.0000 1.7
35 1.1378 50.0 280.0000 304.40 57 1 7.935e-04 3.735e-04 0.0000 1.7
36 1.1378 60.0 280.0000 304.13 56 1 7.935e-04 3.460e-04 0.0000 1.7
37 1.1378 70.0 280.0000 303.50 56 1 8.545e-04 3.510e-04 0.0000 1.7
38 1.1378 80.0 280.0000 303.20 55 1 8.240e-04 3.744e-04 0.0000 1.7
39 1.1378 90.0 280.0000 303.18 55 1 9.766e-04 3.510e-04 0.0000 1.6
40 1.1687 0.0 280.0000 246.84 5 1 0.000e+00 2.195e-05 0.0000 1.0
41 1.1687 10.0 280.0000 247.03 5 1 9.155e-05 2.812e-05 0.0000 1.0
42 1.1687 20.0 280.0000 306.34 58 1 7.019e-04 2.599e-04 0.0000 1.7
43 1.1687 30.0 280.0000 307.25 53 1 8.240e-04 3.110e-04 0.0000 1.7
44 1.1687 40.0 280.0000 307.90 54 1 7.324e-04 3.183e-04 0.0000 1.6
45 1.1687 50.0 280.0000 308.28 53 1 9.460e-04 3.760e-04 0.0000 1.6
46 1.1687 60.0 280.0000 307.96 55 1 8.240e-04 3.163e-04 0.0000 1.6
47 1.1687 70.0 280.0000 307.29 54 1 8.850e-04 3.452e-04 0.0000 1.8
48 1.1687 80.0 280.0000 306.94 55 1 6.104e-04 2.853e-04 0.0000 1.8
49 1.1687 90.0 280.0000 306.90 54 1 7.629e-04 3.374e-04 0.0000 1.6
50 1.2010 0.0 280.0000 309.40 49 1 8.240e-04 5.724e-04 0.0000 1.6
51 1.2010 10.0 280.0000 309.48 50 1 9.766e-04 3.660e-04 0.0000 1.6
52 1.2010 20.0 280.0000 309.95 55 1 7.935e-04 3.076e-04 0.0000 1.7
53 1.2010 30.0 280.0000 310.69 51 1 7.935e-04 3.104e-04 0.0000 1.7
54 1.2010 40.0 280.0000 311.60 52 1 9.155e-04 3.353e-04 0.0000 1.6
55 1.2010 50.0 280.0000 311.92 52 1 7.629e-04 3.080e-04 0.0000 1.7
56 1.2010 60.0 280.0000 311.76 53 1 8.850e-04 3.023e-04 0.0000 1.7
57 1.2010 70.0 280.0000 311.00 53 1 8.850e-04 3.060e-04 0.0000 1.6
58 1.2010 80.0 280.0000 310.64 52 1 8.545e-04 3.723e-04 0.0000 1.6
59 1.2010 90.0 280.0000 310.59 52 1 9.766e-04 3.815e-04 0.0000 1.6
60 1.2346 0.0 280.0000 312.72 47 1 3.357e-04 5.622e-04 0.0000 1.6
61 1.2346 10.0 280.0000 312.87 50 1 7.935e-04 3.467e-04 0.0000 1.6
62 1.2346 20.0 280.0000 313.42 50 1 9.766e-04 3.571e-04 0.0000 1.6
63 1.2346 30.0 280.0000 314.12 50 1 8.545e-04 3.127e-04 0.0000 1.6
64 1.2346 40.0 280.0000 315.11 50 1 9.460e-04 2.952e-04 0.0000 1.6
65 1.2346 50.0 280.0000 315.57 51 1 7.629e-04 3.188e-04 0.0000 1.6
66 1.2346 60.0 280.0000 315.30 50 1 7.935e-04 2.759e-04 0.0000 1.6
67 1.2346 70.0 280.0000 314.67 52 1 7.019e-04 2.825e-04 0.0000 1.7
68 1.2346 80.0 280.0000 314.28 52 1 8.850e-04 2.890e-04 0.0000 1.7
69 1.2346 90.0 280.0000 314.22 51 1 9.460e-04 3.497e-04 0.0000 1.7
70 1.2696 0.0 280.0000 316.25 48 1 2.441e-04 5.774e-04 0.0000 1.6
71 1.2696 10.0 280.0000 316.50 53 1 7.019e-04 3.340e-04 0.0000 1.7
72 1.2696 20.0 280.0000 316.88 50 1 8.850e-04 2.897e-04 0.0000 1.6
73 1.2696 30.0 280.0000 317.58 50 1 8.240e-04 2.677e-04 0.0000 1.6
74 1.2696 40.0 280.0000 318.55 49 1 9.155e-04 2.767e-04 0.0000 1.6
75 1.2696 50.0 280.0000 319.02 48 1 8.545e-04 2.619e-04 0.0000 1.6
76 1.2696 60.0 280.0000 318.78 49 1 9.460e-04 2.821e-04 0.0000 1.6
77 1.2696 70.0 280.0000 318.20 50 1 8.545e-04 2.362e-04 0.0000 1.6
78 1.2696 80.0 280.0000 317.90 51 1 8.545e-04 2.697e-04 0.0000 1.6
79 1.2696 90.0 280.0000 317.84 51 1 7.935e-04 2.754e-04 0.0000 1.7
80 1.3061 0.0 280.0000 319.91 48 1 1.831e-04 4.444e-04 0.0000 1.6
81 1.3061 10.0 280.0000 320.03 50 1 8.850e-04 2.672e-04 0.0000 1.7
82 1.3061 20.0 280.0000 320.35 48 1 9.766e-04 3.923e-04 0.0000 1.6
83 1.3061 30.0 280.0000 321.07 50 1 7.935e-04 2.373e-04 0.0000 1.6
84 1.3061 40.0 280.0000 321.98 48 1 8.240e-04 2.736e-04 0.0000 1.6
85 1.3061 50.0 280.0000 322.33 47 1 7.019e-04 2.349e-04 0.0000 1.6
86 1.3061 60.0 280.0000 322.24 48 1 7.019e-04 2.293e-04 0.0000 1.6
87 1.3061 70.0 280.0000 321.67 49 1 7.324e-04 2.382e-04 0.0000 1.6
88 1.3061 80.0 280.0000 321.43 48 1 8.545e-04 3.317e-04 0.0000 1.6
89 1.3061 90.0 280.0000 321.42 49 1 9.766e-04 2.941e-04 0.0000 1.6
90 1.3443 0.0 280.0000 323.47 46 1 4.272e-04 6.745e-04 0.0000 1.6
91 1.3443 10.0 280.0000 323.61 49 1 8.545e-04 3.740e-04 0.0000 1.6
92 1.3443 20.0 280.0000 323.90 50 1 7.935e-04 2.573e-04 0.0000 1.7
93 1.3443 30.0 280.0000 324.62 49 1 8.545e-04 2.764e-04 0.0000 1.6
94 1.3443 40.0 280.0000 325.43 48 1 8.545e-04 2.243e-04 0.0000 1.5
95 1.3443 50.0 280.0000 325.68 46 1 9.766e-04 2.698e-04 0.0000 1.6
96 1.3443 60.0 280.0000 325.55 46 1 9.460e-04 2.284e-04 0.0000 1.6
97 1.3443 70.0 280.0000 325.17 49 1 5.798e-04 2.000e-04 0.0000 1.5
98 1.3443 80.0 280.0000 324.95 48 1 7.935e-04 2.968e-04 0.0000 1.6
99 1.3443 90.0 280.0000 324.95 49 1 7.324e-04 2.349e-04 0.0000 1.6
100 1.3841 0.0 280.0000 327.20 45 1 6.714e-04 1.039e-03 0.0000 1.6
101 1.3841 10.0 280.0000 327.34 52 1 4.272e-04 2.058e-04 0.0000 1.7
102 1.3841 20.0 280.0000 327.62 50 1 9.460e-04 2.832e-04 0.0000 1.6
103 1.3841 30.0 280.0000 328.26 49 1 8.850e-04 2.823e-04 0.0000 1.6
104 1.3841 40.0 280.0000 328.94 47 1 9.155e-04 2.666e-04 0.0000 1.6
105 1.3841 50.0 280.0000 329.08 46 1 9.766e-04 2.500e-04 0.0000 1.6
106 1.3841 60.0 280.0000 328.91 46 1 6.714e-04 2.460e-04 0.0000 1.6
107 1.3841 70.0 280.0000 328.63 47 1 7.629e-04 2.221e-04 0.0000 1.6
108 1.3841 80.0 280.0000 328.53 48 1 7.629e-04 2.583e-04 0.0000 1.6
109 1.3841 90.0 280.0000 328.55 48 1 7.324e-04 2.842e-04 0.0000 1.6
110 1.4257 0.0 280.0000 331.06 45 1 9.155e-04 9.994e-04 0.0000 1.5
111 1.4257 10.0 280.0000 331.20 50 1 9.460e-04 3.186e-04 0.0000 1.6
112 1.4257 20.0 280.0000 331.44 50 1 9.155e-04 2.818e-04 0.0000 1.6
113 1.4257 30.0 280.0000 332.02 49 1 9.460e-04 2.810e-04 0.0000 1.6
114 1.4257 40.0 280.0000 332.54 47 1 9.766e-04 2.796e-04 0.0000 1.6
115 1.4257 50.0 280.0000 332.58 46 1 9.155e-04 2.696e-04 0.0000 1.5
116 1.4257 60.0 280.0000 332.43 45 1 9.766e-04 3.648e-04 0.0000 1.6
117 1.4257 70.0 280.0000 332.14 47 1 6.714e-04 2.388e-04 0.0000 1.6
118 1.4257 80.0 280.0000 332.13 47 1 9.155e-04 2.672e-04 0.0000 1.6
119 1.4257 90.0 280.0000 332.19 49 1 5.493e-04 1.822e-04 0.0000 1.6
120 1.4692 0.0 280.0000 335.02 48 1 2.136e-04 5.212e-04 0.0000 1.6
121 1.4692 10.0 280.0000 335.13 51 1 7.935e-04 2.558e-04 0.0000 1.7
122 1.4692 20.0 280.0000 335.37 50 1 9.766e-04 3.129e-04 0.0000 1.7
123 1.4692 30.0 280.0000 335.89 49 1 9.766e-04 2.992e-04 0.0000 1.6
124 1.4692 40.0 280.0000 336.28 47 1 9.766e-04 3.191e-04 0.0000 1.6
125 1.4692 50.0 280.0000 336.24 47 1 8.545e-04 2.585e-04 0.0000 1.6
126 1.4692 60.0 280.0000 336.09 47 1 9.766e-04 2.578e-04 0.0000 1.6
127 1.4692 70.0 280.0000 335.82 48 1 9.460e-04 2.235e-04 0.0000 1.6
128 1.4692 80.0 280.0000 335.82 48 1 7.324e-04 2.349e-04 0.0000 1.6
129 1.4692 90.0 280.0000 335.89 47 1 9.460e-04 3.068e-04 0.0000 1.6
130 1.5148 0.0 280.0000 339.11 45 1 8.545e-04 1.181e-03 0.0000 1.6
131 1.5148 10.0 280.0000 339.23 51 1 8.545e-04 3.044e-04 0.0000 1.6
132 1.5148 20.0 280.0000 339.47 52 1 9.766e-04 2.254e-04 0.0000 1.7
133 1.5148 30.0 280.0000 339.90 49 1 8.850e-04 3.195e-04 0.0000 1.6
134 1.5148 40.0 280.0000 340.20 48 1 9.460e-04 3.005e-04 0.0000 1.6
135 1.5148 50.0 280.0000 340.12 48 1 8.545e-04 2.770e-04 0.0000 1.6
136 1.5148 60.0 280.0000 339.94 49 1 7.629e-04 2.061e-04 0.0000 1.6
137 1.5148 70.0 280.0000 339.68 48 1 8.545e-04 2.699e-04 0.0000 1.6
138 1.5148 80.0 280.0000 339.68 49 1 6.714e-04 2.243e-04 0.0000 1.6
139 1.5148 90.0 280.0000 339.76 48 1 8.545e-04 2.900e-04 0.0000 1.6
140 1.5625 0.0 280.0000 343.37 47 1 8.240e-04 8.951e-04 0.0000 1.6
141 1.5625 10.0 280.0000 343.50 52 1 9.460e-04 2.840e-04 0.0000 1.7
142 1.5625 20.0 280.0000 343.69 51 1 8.850e-04 2.944e-04 0.0000 1.7
143 1.5625 30.0 280.0000 344.05 50 1 9.460e-04 2.856e-04 0.0000 1.6
144 1.5625 40.0 280.0000 344.29 50 1 6.409e-04 2.253e-04 0.0000 1.6
145 1.5625 50.0 280.0000 344.23 49 1 9.766e-04 2.949e-04 0.0000 1.7
146 1.5625 60.0 280.0000 344.02 49 1 8.240e-04 2.889e-04 0.0000 1.6
147 1.5625 70.0 280.0000 343.72 49 1 9.460e-04 2.766e-04 0.0000 1.6
148 1.5625 80.0 280.0000 343.73 50 1 8.545e-04 2.179e-04 0.0000 1.6
149 1.5625 90.0 280.0000 343.81 49 1 8.545e-04 2.790e-04 0.0000 1.5
