# case inst obl xco2 tglob orbits flag dOLR dTglob asymNS seconds   [flag: 1 year-to-year test, p = 2..4 p-year cycle, 0 cap]
0 1.5000 23.5 280.0000 338.28 36 1 9.766e-04 3.189e-04 0.0000 1.6
1 1.4875 23.5 280.0000 337.17 37 1 5.798e-04 2.365e-04 0.0000 1.6
2 1.4750 23.5 280.0000 336.05 37 1 8.545e-04 2.416e-04 0.0000 1.6
3 1.4625 23.5 280.0000 334.93 37 1 7.324e-04 2.489e-04 0.0000 1.6
4 1.4500 23.5 280.0000 333.81 37 1 9.460e-04 2.632e-04 0.0000 1.6
5 1.4375 23.5 280.0000 332.68 37 1 9.460e-04 2.687e-04 0.0000 1.6
6 1.4250 23.5 280.0000 331.55 37 1 9.460e-04 2.875e-04 0.0000 1.6
7 1.4125 23.5 280.0000 330.40 37 1 8.545e-04 2.963e-04 0.0000 1.6
8 1.4000 23.5 280.0000 329.26 37 1 8.545e-04 3.010e-04 0.0000 1.6
9 1.3875 23.5 280.0000 328.11 37 1 8.545e-04 3.048e-04 0.0000 1.6
10 1.3750 23.5 280.0000 326.96 38 1 5.493e-04 2.302e-04 0.0000 1.6
11 1.3625 23.5 280.0000 325.80 38 1 5.188e-04 2.352e-04 0.0000 1.6
12 1.3500 23.5 280.0000 324.64 37 1 9.766e-04 3.243e-04 0.0000 1.6
13 1.3375 23.5 280.0000 323.48 38 1 7.935e-04 2.536e-04 0.0000 1.6
14 1.3250 23.5 280.0000 322.32 38 1 8.850e-04 2.508e-04 0.0000 1.6
15 1.3125 23.5 280.0000 321.15 38 1 7.019e-04 2.705e-04 0.0000 1.6
16 1.3000 23.5 280.0000 319.97 38 1 8.850e-04 2.837e-04 0.0000 1.7
17 1.2875 23.5 280.0000 318.78 38 1 8.850e-04 2.948e-04 0.0000 1.7
18 1.2750 23.5 280.0000 317.58 38 1 9.460e-04 3.072e-04 0.0000 1.6
19 1.2625 23.5 280.0000 316.38 39 1 7.629e-04 2.494e-04 0.0000 1.6
20 1.2500 23.5 280.0000 315.16 40 1 5.493e-04 2.036e-04 0.0000 1.7
21 1.2375 23.5 280.0000 313.93 39 1 8.545e-04 2.847e-04 0.0000 1.6
22 1.2250 23.5 280.0000 312.68 39 1 9.155e-04 3.180e-04 0.0000 1.7
23 1.2125 23.5 280.0000 311.42 41 1 5.493e-04 2.224e-04 0.0000 1.7
24 1.2000 23.5 280.0000 310.13 40 1 9.460e-04 3.312e-04 0.0000 1.7
25 1.1875 23.5 280.0000 308.82 41 1 9.460e-04 3.129e-04 0.0000 1.7
26 1.1750 23.5 280.0000 307.43 42 1 9.766e-04 3.965e-04 0.0001 1.7
27 1.1625 23.5 280.0000 306.00 44 1 9.460e-04 3.277e-04 0.0001 1.7
28 1.1500 23.5 280.0000 304.51 44 1 9.155e-04 3.095e-04 0.0001 1.7
29 1.1375 23.5 280.0000 302.97 45 1 7.629e-04 3.501e-04 0.0000 1.7
30 1.1250 23.5 280.0000 301.21 47 1 8.545e-04 3.373e-04 0.0001 1.7
31 1.1125 23.5 280.0000 299.40 47 1 8.850e-04 3.682e-04 0.0001 1.7
32 1.1000 23.5 280.0000 297.65 50 1 8.850e-04 3.715e-04 0.0001 1.8
33 1.0875 23.5 280.0000 295.87 37 1 1.221e-04 1.724e-04 0.0171 1.6
34 1.0750 23.5 280.0000 294.03 46 1 9.460e-04 3.576e-04 0.0000 1.7
35 1.0625 23.5 280.0000 291.69 36 1 2.441e-04 1.691e-04 0.0011 1.6
36 1.0500 23.5 280.0000 289.23 7 4 7.574e-02 1.854e-02 1.2340 1.3
37 1.0375 23.5 280.0000 287.31 36 1 6.714e-04 3.512e-04 0.0002 1.6
38 1.0250 23.5 280.0000 285.08 36 1 6.409e-04 3.404e-04 0.0032 1.6
39 1.0125 23.5 280.0000 282.07 53 1 9.460e-04 4.119e-04 0.0000 1.8
40 1.0000 23.5 280.0000 279.16 37 1 6.256e-04 6.822e-04 0.0150 1.6
41 0.9875 23.5 280.0000 276.07 55 1 9.460e-04 3.584e-04 0.0000 1.8
42 0.9750 23.5 280.0000 271.08 58 1 1.221e-04 2.092e-04 0.0366 1.8
43 0.9625 23.5 280.0000 266.54 54 2 1.694e-03 7.859e-04 0.0268 1.8
44 0.9500 23.5 280.0000 226.71 37 1 1.526e-05 4.420e-06 0.0000 1.5
45 0.9375 23.5 280.0000 225.61 26 1 7.629e-06 9.421e-06 0.0000 1.4
46 0.9250 23.5 280.0000 224.52 21 1 3.052e-05 1.149e-05 0.0000 1.4
47 0.9125 23.5 280.0000 223.43 18 1 1.526e-05 1.088e-05 0.0000 1.3
48 0.9000 23.5 280.0000 222.35 16 1 1.526e-05 1.042e-05 0.0000 1.3
49 0.8875 23.5 280.0000 221.28 14 1 3.891e-04 2.108e-04 0.0000 1.3
50 0.8750 23.5 280.0000 220.21 13 1 2.060e-04 9.941e-05 0.0000 1.3
51 0.8625 23.5 280.0000 219.15 12 1 2.899e-04 1.699e-04 0.0000 1.3
52 0.8500 23.5 280.0000 218.09 12 1 1.526e-05 5.609e-06 0.0000 1.3
53 0.8375 23.5 280.0000 217.03 11 1 1.068e-04 5.422e-05 0.0000 1.3
54 0.8250 23.5 280.0000 215.98 11 1 1.526e-05 4.626e-06 0.0000 1.3
55 0.8125 23.5 280.0000 214.93 10 1 1.144e-04 6.020e-05 0.0000 1.3
56 0.8000 23.5 280.0000 213.88 10 1 2.289e-05 1.065e-05 0.0000 1.2
