# case inst obl xco2 tglob orbits flag dOLR dTglob asymNS seconds   [flag: 1 year-to-year test, p = 2..4 p-year cycle, 0 cap]
0 0.8000 23.5 280.0000 213.88 4 1 3.586e-04 1.876e-04 0.0000 1.1
1 0.8125 23.5 280.0000 214.93 4 1 3.128e-04 1.761e-04 0.0000 1.1
2 0.8250 23.5 280.0000 215.98 4 1 2.899e-04 1.648e-04 0.0000 1.1
3 0.8375 23.5 280.0000 217.03 4 1 2.518e-04 1.535e-04 0.0000 1.1
4 0.8500 23.5 280.0000 218.09 4 1 2.594e-04 1.439e-04 0.0000 1.1
5 0.8625 23.5 280.0000 219.15 4 1 2.289e-04 1.342e-04 0.0000 1.1
6 0.8750 23.5 280.0000 220.21 4 1 2.670e-04 1.239e-04 0.0000 1.1
7 0.8875 23.5 280.0000 221.28 4 1 2.213e-04 1.158e-04 0.0000 1.1
8 0.9000 23.5 280.0000 222.35 4 1 2.136e-04 1.084e-04 0.0000 1.1
9 0.9125 23.5 280.0000 223.43 4 1 1.907e-04 9.956e-05 0.0000 1.1
10 0.9250 23.5 280.0000 224.52 4 1 1.526e-04 9.047e-05 0.0000 1.1
11 0.9375 23.5 280.0000 225.61 4 1 1.373e-04 8.054e-05 0.0000 1.1
12 0.9500 23.5 280.0000 226.71 4 1 1.526e-04 7.064e-05 0.0000 1.1
13 0.9625 23.5 280.0000 227.81 4 1 1.221e-04 6.007e-05 0.0000 1.1
14 0.9750 23.5 280.0000 228.93 4 1 9.155e-05 4.883e-05 0.0000 1.1
15 0.9875 23.5 280.0000 230.05 4 1 6.104e-05 3.756e-05 0.0000 1.1
16 1.0000 23.5 280.0000 231.19 4 1 4.578e-05 2.471e-05 0.0000 1.1
17 1.0125 23.5 280.0000 232.34 4 1 1.526e-05 9.556e-06 0.0000 1.1
18 1.0250 23.5 280.0000 233.51 3 1 5.951e-04 2.383e-04 0.0000 1.1
19 1.0375 23.5 280.0000 234.69 4 1 4.578e-05 2.792e-05 0.0000 1.1
20 1.0500 23.5 280.0000 235.88 4 1 9.155e-05 5.101e-05 0.0000 1.1
21 1.0625 23.5 280.0000 237.09 4 1 1.373e-04 7.784e-05 0.0000 1.1
22 1.0750 23.5 280.0000 238.31 4 1 2.441e-04 1.109e-04 0.0000 1.1
23 1.0875 23.5 280.0000 241.51 6 1 1.984e-04 8.863e-05 0.0000 1.1
24 1.1000 23.5 280.0000 244.04 6 1 1.831e-04 9.356e-05 0.0000 1.1
25 1.1125 23.5 280.0000 248.75 8 1 8.392e-04 3.790e-04 0.0000 1.1
26 1.1250 23.5 280.0000 301.21 57 1 8.545e-04 3.323e-04 0.0001 1.8
27 1.1375 23.5 280.0000 302.97 53 1 9.155e-04 3.985e-04 0.0000 1.7
28 1.1500 23.5 280.0000 304.51 52 1 8.545e-04 2.913e-04 0.0000 1.7
29 1.1625 23.5 280.0000 306.00 51 1 9.460e-04 3.207e-04 0.0000 1.7
30 1.1750 23.5 280.0000 307.43 49 1 8.850e-04 3.381e-04 0.0000 1.6
31 1.1875 23.5 280.0000 308.82 46 1 9.155e-04 3.973e-04 0.0000 1.6
32 1.2000 23.5 280.0000 310.13 46 1 9.460e-04 2.938e-04 0.0000 1.6
33 1.2125 23.5 280.0000 311.42 46 1 5.188e-04 2.318e-04 0.0000 1.6
34 1.2250 23.5 280.0000 312.68 44 1 9.155e-04 3.053e-04 0.0000 1.6
35 1.2375 23.5 280.0000 313.93 43 1 8.545e-04 3.314e-04 0.0000 1.6
36 1.2500 23.5 280.0000 315.16 44 1 6.104e-04 2.218e-04 0.0000 1.6
37 1.2625 23.5 280.0000 316.38 43 1 7.935e-04 2.555e-04 0.0000 1.6
38 1.2750 23.5 280.0000 317.58 42 1 9.766e-04 2.966e-04 0.0000 1.5
39 1.2875 23.5 280.0000 318.78 42 1 7.935e-04 2.702e-04 0.0000 1.5
40 1.3000 23.5 280.0000 319.97 41 1 9.460e-04 3.290e-04 0.0000 1.5
41 1.3125 23.5 280.0000 321.15 41 1 9.460e-04 3.004e-04 0.0000 1.6
42 1.3250 23.5 280.0000 322.32 41 1 8.850e-04 2.676e-04 0.0000 1.5
43 1.3375 23.5 280.0000 323.48 41 1 7.629e-04 2.600e-04 0.0000 1.5
44 1.3500 23.5 280.0000 324.64 41 1 7.629e-04 2.391e-04 0.0000 1.5
45 1.3625 23.5 280.0000 325.80 41 1 5.188e-04 2.246e-04 0.0000 1.5
46 1.3750 23.5 280.0000 326.96 40 1 9.766e-04 2.862e-04 0.0000 1.5
47 1.3875 23.5 280.0000 328.11 40 1 7.629e-04 2.738e-04 0.0000 1.5
48 1.4000 23.5 280.0000 329.26 40 1 8.240e-04 2.632e-04 0.0000 1.6
49 1.4125 23.5 280.0000 330.40 39 1 9.766e-04 3.405e-04 0.0000 1.6
50 1.4250 23.5 280.0000 331.55 40 1 8.240e-04 2.391e-04 0.0000 1.5
51 1.4375 23.5 280.0000 332.68 39 1 9.766e-04 2.957e-04 0.0000 1.5
52 1.4500 23.5 280.0000 333.81 39 1 9.155e-04 2.841e-04 0.0000 1.5
53 1.4625 23.5 280.0000 334.93 39 1 8.240e-04 2.636e-04 0.0000 1.5
54 1.4750 23.5 280.0000 336.05 39 1 8.545e-04 2.513e-04 0.0000 1.5
55 1.4875 23.5 280.0000 337.17 39 1 6.409e-04 2.409e-04 0.0000 1.5
56 1.5000 23.5 280.0000 338.28 38 1 9.766e-04 3.190e-04 0.0000 1.4
