# case inst obl xco2 tglob orbits flag dOLR dTglob asymNS seconds   [flag: 1 year-to-year test, p = 2..4 p-year cycle, 0 cap]
0 1.0000 23.5 100000.0000 314.45 38 1 9.460e-04 3.405e-04 0.0000 1.6
1 1.0000 23.5 79060.4321 312.27 39 1 8.545e-04 3.159e-04 0.0000 1.6
2 1.0000 23.5 62505.5193 310.35 39 1 9.766e-04 3.818e-04 0.0000 1.6
3 1.0000 23.5 49417.1336 308.64 40 1 9.766e-04 3.684e-04 0.0000 1.6
4 1.0000 23.5 39069.3994 307.03 41 1 9.460e-04 3.781e-04 0.0000 1.6
5 1.0000 23.5 30888.4360 305.47 43 1 7.629e-04 3.432e-04 0.0000 1.7
6 1.0000 23.5 24420.5309 304.01 45 1 9.155e-04 3.718e-04 0.0002 1.7
7 1.0000 23.5 19306.9773 302.48 46 1 8.240e-04 3.525e-04 0.0001 1.7
8 1.0000 23.5 15264.1797 301.16 46 1 8.240e-04 4.526e-04 0.0003 1.7
9 1.0000 23.5 12067.9264 299.82 48 1 7.629e-04 2.957e-04 0.0001 1.7
10 1.0000 23.5 9540.9548 298.28 47 1 8.850e-04 4.279e-04 0.0002 1.7
11 1.0000 23.5 7543.1201 296.90 41 1 4.578e-04 1.335e-04 0.0039 1.6
12 1.0000 23.5 5963.6233 295.64 43 1 9.155e-04 3.809e-04 0.0000 1.6
13 1.0000 23.5 4714.8664 294.43 47 1 9.460e-04 3.623e-04 0.0000 1.7
14 1.0000 23.5 3727.5937 293.16 38 1 7.019e-04 5.183e-04 0.0143 1.5
15 1.0000 23.5 2947.0517 291.79 39 2 2.228e-03 1.206e-03 0.0213 1.5
16 1.0000 23.5 2329.9518 290.51 49 2 1.389e-03 6.558e-04 0.0010 1.7
17 1.0000 23.5 1842.0700 289.25 24 1 7.629e-04 1.459e-04 0.0126 1.4
18 1.0000 23.5 1456.3485 288.05 30 1 1.526e-05 8.374e-05 0.0186 1.4
19 1.0000 23.5 1151.3954 286.92 43 1 9.613e-04 4.300e-04 0.0001 1.6
20 1.0000 23.5 910.2982 285.70 42 1 6.409e-04 3.390e-04 0.0000 1.6
21 1.0000 23.5 719.6857 284.75 37 4 6.439e-03 3.030e-03 0.0308 1.5
22 1.0000 23.5 568.9866 283.22 62 3 4.578e-03 2.139e-03 0.0109 1.8
23 1.0000 23.5 449.8433 281.83 46 1 6.104e-05 2.054e-05 0.0122 1.6
24 1.0000 23.5 355.6480 280.49 51 1 9.003e-04 4.550e-04 0.0000 1.6
25 1.0000 23.5 281.1769 279.15 46 2 8.331e-03 3.783e-03 0.0118 1.6
26 1.0000 23.5 222.2996 277.70 59 1 7.477e-04 3.413e-04 0.0291 1.7
27 1.0000 23.5 175.7511 276.53 47 1 4.883e-04 2.280e-04 0.0002 1.6
28 1.0000 23.5 138.9495 275.59 48 1 9.155e-04 3.825e-04 0.0000 1.6
29 1.0000 23.5 109.8541 272.78 71 1 8.087e-04 3.750e-04 0.0000 1.9
30 1.0000 23.5 86.8511 271.96 62 3 4.059e-03 1.732e-03 0.0099 1.6
31 1.0000 23.5 68.6649 271.96 62 3 4.059e-03 1.732e-03 0.0099 1.6
32 1.0000 23.5 54.2868 271.96 62 3 4.059e-03 1.732e-03 0.0099 1.6
33 1.0000 23.5 42.9193 271.96 62 3 4.059e-03 1.732e-03 0.0099 1.6
34 1.0000 23.5 33.9322 271.96 62 3 4.059e-03 1.732e-03 0.0099 1.6
35 1.0000 23.5 26.8270 271.96 62 3 4.059e-03 1.732e-03 0.0099 1.6
36 1.0000 23.5 21.2095 271.96 62 3 4.059e-03 1.732e-03 0.0099 1.6
37 1.0000 23.5 16.7683 271.96 62 3 4.059e-03 1.732e-03 0.0099 1.6
38 1.0000 23.5 13.2571 271.96 62 3 4.059e-03 1.732e-03 0.0099 1.6
39 1.0000 23.5 10.4811 271.96 62 3 4.059e-03 1.732e-03 0.0099 1.6
40 1.0000 23.5 8.2864 271.96 62 3 4.059e-03 1.732e-03 0.0099 1.6
41 1.0000 23.5 6.5513 271.96 62 3 4.059e-03 1.732e-03 0.0099 1.6
42 1.0000 23.5 5.1795 271.96 62 3 4.059e-03 1.732e-03 0.0099 1.6
43 1.0000 23.5 4.0949 271.96 62 3 4.059e-03 1.732e-03 0.0099 1.6
44 1.0000 23.5 3.2375 271.96 62 3 4.059e-03 1.732e-03 0.0099 1.6
45 1.0000 23.5 2.5595 271.96 62 3 4.059e-03 1.732e-03 0.0099 1.6
46 1.0000 23.5 2.0236 271.96 62 3 4.059e-03 1.732e-03 0.0099 1.6
47 1.0000 23.5 1.5999 271.96 62 3 4.059e-03 1.732e-03 0.0099 1.6
48 1.0000 23.5 1.2649 271.96 62 3 4.059e-03 1.732e-03 0.0099 1.6
49 1.0000 23.5 1.0000 271.96 62 3 4.059e-03 1.732e-03 0.0099 1.5
