# case inst obl xco2 tglob orbits flag dOLR dTglob asymNS seconds   [flag: 1 year-to-year test, p = 2..4 p-year cycle, 0 cap]
0 1.0000 23.5 1.0000 228.91 4 1 7.629e-05 3.733e-05 0.0000 1.2
1 1.0000 23.5 1.2649 228.91 4 1 7.629e-05 3.733e-05 0.0000 1.2
2 1.0000 23.5 1.5999 228.91 4 1 7.629e-05 3.733e-05 0.0000 1.2
3 1.0000 23.5 2.0236 228.91 4 1 7.629e-05 3.733e-05 0.0000 1.2
4 1.0000 23.5 2.5595 228.91 4 1 7.629e-05 3.733e-05 0.0000 1.2
5 1.0000 23.5 3.2375 228.91 4 1 7.629e-05 3.733e-05 0.0000 1.2
6 1.0000 23.5 4.0949 228.91 4 1 7.629e-05 3.733e-05 0.0000 1.2
7 1.0000 23.5 5.1795 228.91 4 1 7.629e-05 3.733e-05 0.0000 1.2
8 1.0000 23.5 6.5513 228.91 4 1 7.629e-05 3.733e-05 0.0000 1.2
9 1.0000 23.5 8.2864 228.91 4 1 7.629e-05 3.733e-05 0.0000 1.2
10 1.0000 23.5 10.4811 228.91 4 1 7.629e-05 3.733e-05 0.0000 1.2
11 1.0000 23.5 13.2571 228.91 4 1 7.629e-05 3.733e-05 0.0000 1.2
12 1.0000 23.5 16.7683 228.91 4 1 7.629e-05 3.733e-05 0.0000 1.2
13 1.0000 23.5 21.2095 228.91 4 1 7.629e-05 3.733e-05 0.0000 1.2
14 1.0000 23.5 26.8270 228.91 4 1 7.629e-05 3.733e-05 0.0000 1.2
15 1.0000 23.5 33.9322 228.91 4 1 7.629e-05 3.733e-05 0.0000 1.2
16 1.0000 23.5 42.9193 228.91 4 1 7.629e-05 3.733e-05 0.0000 1.2
17 1.0000 23.5 54.2868 228.91 4 1 7.629e-05 3.733e-05 0.0000 1.2
18 1.0000 23.5 68.6649 228.91 4 1 7.629e-05 3.733e-05 0.0000 1.2
19 1.0000 23.5 86.8511 228.91 4 1 7.629e-05 3.733e-05 0.0000 1.2
20 1.0000 23.5 109.8541 229.10 4 1 4.578e-05 3.687e-05 0.0000 1.2
21 1.0000 23.5 138.9495 229.58 4 1 4.578e-05 3.535e-05 0.0000 1.2
22 1.0000 23.5 175.7511 230.11 4 1 7.629e-05 3.293e-05 0.0000 1.2
23 1.0000 23.5 222.2996 230.64 4 1 6.104e-05 2.907e-05 0.0000 1.2
24 1.0000 23.5 281.1769 231.20 4 1 6.104e-05 2.463e-05 0.0000 1.2
25 1.0000 23.5 355.6480 231.78 4 1 3.052e-05 1.869e-05 0.0000 1.2
26 1.0000 23.5 449.8433 232.39 4 1 1.526e-05 1.025e-05 0.0000 1.2
27 1.0000 23.5 568.9866 233.01 4 1 0.000e+00 3.857e-07 0.0000 1.2
28 1.0000 23.5 719.6857 233.64 4 1 3.052e-05 1.203e-05 0.0000 1.2
29 1.0000 23.5 910.2982 234.33 4 1 6.104e-05 2.820e-05 0.0000 1.2
30 1.0000 23.5 1151.3954 235.00 4 1 6.104e-05 4.776e-05 0.0000 1.2
31 1.0000 23.5 1456.3485 235.71 4 1 1.068e-04 7.224e-05 0.0000 1.2
32 1.0000 23.5 1842.0700 236.43 4 1 1.831e-04 1.005e-04 0.0000 1.2
33 1.0000 23.5 2329.9518 237.18 4 1 2.289e-04 1.380e-04 0.0000 1.2
34 1.0000 23.5 2947.0517 237.96 4 1 3.662e-04 1.822e-04 0.0000 1.2
35 1.0000 23.5 3727.5937 238.80 4 1 3.967e-04 2.392e-04 0.0000 1.2
36 1.0000 23.5 4714.8664 240.44 5 1 1.068e-04 4.909e-05 0.0000 1.2
37 1.0000 23.5 5963.6233 242.79 8 1 9.155e-05 2.580e-05 0.0000 1.3
38 1.0000 23.5 7543.1201 244.60 7 1 2.594e-04 1.409e-04 0.0000 1.2
39 1.0000 23.5 9540.9548 248.81 8 1 1.678e-04 8.327e-05 0.0000 1.3
40 1.0000 23.5 12067.9264 299.82 60 1 7.629e-04 2.945e-04 0.0000 2.0
41 1.0000 23.5 15264.1797 301.16 57 1 7.935e-04 4.046e-04 0.0002 1.9
42 1.0000 23.5 19306.9773 302.48 55 1 8.545e-04 3.595e-04 0.0001 1.9
43 1.0000 23.5 24420.5309 304.01 53 1 8.850e-04 3.592e-04 0.0002 1.9
44 1.0000 23.5 30888.4360 305.47 50 1 7.629e-04 3.648e-04 0.0000 1.8
45 1.0000 23.5 39069.3994 307.03 48 1 8.850e-04 3.380e-04 0.0000 1.8
46 1.0000 23.5 49417.1336 308.64 46 1 9.155e-04 3.568e-04 0.0000 1.8
47 1.0000 23.5 62505.5193 310.35 45 1 8.240e-04 3.161e-04 0.0000 1.8
48 1.0000 23.5 79060.4321 312.27 44 1 8.545e-04 2.933e-04 0.0000 1.6
49 1.0000 23.5 100000.0000 314.45 42 1 9.460e-04 3.602e-04 0.0000 1.6
